 zlibwapi

 Timestamp is 507e631d (Wed Oct 17 15:49:49 2012)

 Preferred load address is 0000000180000000

 Start         Length     Name                   Class
 0001:00000000 000104aaH .text                   CODE
 0001:000104b0 0000007bH .text$x                 CODE
 0002:00000000 000001b0H .idata$5                DATA
 0002:000001b0 00000008H .CRT$XCA                DATA
 0002:000001b8 00000008H .CRT$XCZ                DATA
 0002:000001c0 00000008H .CRT$XIA                DATA
 0002:000001c8 00000008H .CRT$XIAA               DATA
 0002:000001d0 00000008H .CRT$XIC                DATA
 0002:000001d8 00000008H .CRT$XIZ                DATA
 0002:000001e0 00004310H .rdata                  DATA
 0002:000044f0 00000008H .rtc$IAA                DATA
 0002:000044f8 00000008H .rtc$IZZ                DATA
 0002:00004500 00000008H .rtc$TAA                DATA
 0002:00004508 00000008H .rtc$TZZ                DATA
 0002:00004510 000011d0H .xdata                  DATA
 0002:000056e0 00000028H .idata$2                DATA
 0002:00005708 00000014H .idata$3                DATA
 0002:00005720 000001b0H .idata$4                DATA
 0002:000058d0 000002d8H .idata$6                DATA
 0002:00005bb0 00000c11H .edata                  DATA
 0003:00000000 00000080H .data                   DATA
 0003:00000080 00000048H .bss                    DATA
 0004:00000000 00000f60H .pdata                  DATA
 0005:00000000 00000058H .rsrc$01                DATA
 0005:00000060 00000330H .rsrc$02                DATA

  Address         Publics by Value              Rva+Base               Lib:Object

 0000:00000000       ___safe_se_handler_count   0000000000000000     <absolute>
 0000:00000000       ___safe_se_handler_table   0000000000000000     <absolute>
 0000:00000000       __ImageBase                0000000180000000     <linker-defined>
 0001:00000000       adler32                    0000000180001000 f   adler32.obj
 0001:000003b0       adler32_combine            00000001800013b0 f   adler32.obj
 0001:000003c0       compress2                  00000001800013c0 f   compress.obj
 0001:00000470       compress                   0000000180001470 f   compress.obj
 0001:00000490       compressBound              0000000180001490 f   compress.obj
 0001:000004b0       get_crc_table              00000001800014b0 f   crc32.obj
 0001:000004c0       crc32                      00000001800014c0 f   crc32.obj
 0001:00000910       crc32_combine              0000000180001910 f   crc32.obj
 0001:00000920       deflateInit_               0000000180001920 f   deflate.obj
 0001:00000960       deflateInit2_              0000000180001960 f   deflate.obj
 0001:00000bf0       deflateSetDictionary       0000000180001bf0 f   deflate.obj
 0001:00000e20       deflateResetKeep           0000000180001e20 f   deflate.obj
 0001:00000ef0       deflateReset               0000000180001ef0 f   deflate.obj
 0001:00000f20       deflateSetHeader           0000000180001f20 f   deflate.obj
 0001:00000f50       deflatePending             0000000180001f50 f   deflate.obj
 0001:00000f90       deflatePrime               0000000180001f90 f   deflate.obj
 0001:00001050       deflateParams              0000000180002050 f   deflate.obj
 0001:00001160       deflateTune                0000000180002160 f   deflate.obj
 0001:000011a0       deflateBound               00000001800021a0 f   deflate.obj
 0001:00001360       deflate                    0000000180002360 f   deflate.obj
 0001:00001c00       deflateEnd                 0000000180002c00 f   deflate.obj
 0001:00001ce0       deflateCopy                0000000180002ce0 f   deflate.obj
 0001:00003350       gzclose                    0000000180004350 f   gzclose.obj
 0001:000036d0       gzopen                     00000001800046d0 f   gzlib.obj
 0001:000036e0       gzdopen                    00000001800046e0 f   gzlib.obj
 0001:00003760       gzopen_w                   0000000180004760 f   gzlib.obj
 0001:00003770       gzbuffer                   0000000180004770 f   gzlib.obj
 0001:000037a0       gzrewind                   00000001800047a0 f   gzlib.obj
 0001:00003800       gzseek64                   0000000180004800 f   gzlib.obj
 0001:00003950       gzseek                     0000000180004950 f   gzlib.obj
 0001:00003970       gztell64                   0000000180004970 f   gzlib.obj
 0001:000039b0       gztell                     00000001800049b0 f   gzlib.obj
 0001:000039d0       gzoffset64                 00000001800049d0 f   gzlib.obj
 0001:00003a30       gzoffset                   0000000180004a30 f   gzlib.obj
 0001:00003a50       gzeof                      0000000180004a50 f   gzlib.obj
 0001:00003a80       gzerror                    0000000180004a80 f   gzlib.obj
 0001:00003ac0       gzclearerr                 0000000180004ac0 f   gzlib.obj
 0001:00003af0       gz_error                   0000000180004af0 f   gzlib.obj
 0001:00004180       gzread                     0000000180005180 f   gzread.obj
 0001:00004330       gzgetc                     0000000180005330 f   gzread.obj
 0001:000043a0       gzgetc_                    00000001800053a0 f   gzread.obj
 0001:000043b0       gzungetc                   00000001800053b0 f   gzread.obj
 0001:000044c0       gzgets                     00000001800054c0 f   gzread.obj
 0001:00004600       gzdirect                   0000000180005600 f   gzread.obj
 0001:00004640       gzclose_r                  0000000180005640 f   gzread.obj
 0001:00004a40       gzwrite                    0000000180005a40 f   gzwrite.obj
 0001:00004b80       gzputc                     0000000180005b80 f   gzwrite.obj
 0001:00004c30       gzputs                     0000000180005c30 f   gzwrite.obj
 0001:00004c70       gzprintf                   0000000180005c70 f   gzwrite.obj
 0001:00004d70       gzflush                    0000000180005d70 f   gzwrite.obj
 0001:00004df0       gzsetparams                0000000180005df0 f   gzwrite.obj
 0001:00004ec0       gzclose_w                  0000000180005ec0 f   gzwrite.obj
 0001:00004f90       inflateBackInit_           0000000180005f90 f   infback.obj
 0001:000050d0       inflateBack                00000001800060d0 f   infback.obj
 0001:00005fa0       inflateBackEnd             0000000180006fa0 f   infback.obj
 0001:00005ff0       inflate_fast               0000000180006ff0 f   inffas8664.obj
 0001:000061a0       inflateResetKeep           00000001800071a0 f   inflate.obj
 0001:00006220       inflateReset               0000000180007220 f   inflate.obj
 0001:00006250       inflateReset2              0000000180007250 f   inflate.obj
 0001:00006300       inflateInit2_              0000000180007300 f   inflate.obj
 0001:000063f0       inflateInit_               00000001800073f0 f   inflate.obj
 0001:00006400       inflatePrime               0000000180007400 f   inflate.obj
 0001:00006590       inflate                    0000000180007590 f   inflate.obj
 0001:00007cc0       inflateEnd                 0000000180008cc0 f   inflate.obj
 0001:00007d20       inflateSetDictionary       0000000180008d20 f   inflate.obj
 0001:00007e10       inflateGetHeader           0000000180008e10 f   inflate.obj
 0001:00007eb0       inflateSync                0000000180008eb0 f   inflate.obj
 0001:00007fc0       inflateSyncPoint           0000000180008fc0 f   inflate.obj
 0001:00007ff0       inflateCopy                0000000180008ff0 f   inflate.obj
 0001:00008270       inflateUndermine           0000000180009270 f   inflate.obj
 0001:000082a0       inflateMark                00000001800092a0 f   inflate.obj
 0001:00008300       inflate_table              0000000180009300 f   inftrees.obj
 0001:00008760       call_zopen64               0000000180009760 f   ioapi.obj
 0001:00008780       call_zseek64               0000000180009780 f   ioapi.obj
 0001:000087b0       call_ztell64               00000001800097b0 f   ioapi.obj
 0001:000087f0       fill_zlib_filefunc64_32_def_from_filefunc32 00000001800097f0 f   ioapi.obj
 0001:00008960       fill_fopen64_filefunc      0000000180009960 f   ioapi.obj
 0001:00008a90       win32_open64_file_func     0000000180009a90 f   iowin32.obj
 0001:00008a90       win32_open64_file_funcA    0000000180009a90 f   iowin32.obj
 0001:00008a90       win32_open_file_func       0000000180009a90 f   iowin32.obj
 0001:00008b10       win32_open64_file_funcW    0000000180009b10 f   iowin32.obj
 0001:00008b90       win32_read_file_func       0000000180009b90 f   iowin32.obj
 0001:00008c00       win32_write_file_func      0000000180009c00 f   iowin32.obj
 0001:00008c70       win32_tell_file_func       0000000180009c70 f   iowin32.obj
 0001:00008cb0       win32_tell64_file_func     0000000180009cb0 f   iowin32.obj
 0001:00008d20       win32_seek_file_func       0000000180009d20 f   iowin32.obj
 0001:00008da0       win32_seek64_file_func     0000000180009da0 f   iowin32.obj
 0001:00008e30       win32_close_file_func      0000000180009e30 f   iowin32.obj
 0001:00008e70       win32_error_file_func      0000000180009e70 f   iowin32.obj
 0001:00008e80       fill_win32_filefunc        0000000180009e80 f   iowin32.obj
 0001:00008ee0       fill_win32_filefunc64A     0000000180009ee0 f   iowin32.obj
 0001:00008ee0       fill_win32_filefunc64      0000000180009ee0 f   iowin32.obj
 0001:00008f40       fill_win32_filefunc64W     0000000180009f40 f   iowin32.obj
 0001:00008fa0       _tr_init                   0000000180009fa0 f   trees.obj
 0001:0000a000       _tr_stored_block           000000018000b000 f   trees.obj
 0001:0000a090       _tr_flush_bits             000000018000b090 f   trees.obj
 0001:0000a0a0       _tr_align                  000000018000b0a0 f   trees.obj
 0001:0000a1c0       _tr_flush_block            000000018000b1c0 f   trees.obj
 0001:0000aa50       uncompress                 000000018000ba50 f   uncompr.obj
 0001:0000aec0       unzStringFileNameCompare   000000018000bec0 f   unzip.obj
 0001:0000b720       unzOpen2                   000000018000c720 f   unzip.obj
 0001:0000b770       unzOpen2_64                000000018000c770 f   unzip.obj
 0001:0000b7d0       unzOpen                    000000018000c7d0 f   unzip.obj
 0001:0000b7e0       unzOpen64                  000000018000c7e0 f   unzip.obj
 0001:0000b7f0       unzClose                   000000018000c7f0 f   unzip.obj
 0001:0000b840       unzGetGlobalInfo64         000000018000c840 f   unzip.obj
 0001:0000b860       unzGetGlobalInfo           000000018000c860 f   unzip.obj
 0001:0000be20       unzGetCurrentFileInfo64    000000018000ce20 f   unzip.obj
 0001:0000be70       unzGetCurrentFileInfo      000000018000ce70 f   unzip.obj
 0001:0000bf70       unzGoToFirstFile           000000018000cf70 f   unzip.obj
 0001:0000bff0       unzGoToNextFile            000000018000cff0 f   unzip.obj
 0001:0000c0b0       unzLocateFile              000000018000d0b0 f   unzip.obj
 0001:0000c290       unzGetFilePos64            000000018000d290 f   unzip.obj
 0001:0000c2d0       unzGetFilePos              000000018000d2d0 f   unzip.obj
 0001:0000c300       unzGoToFilePos64           000000018000d300 f   unzip.obj
 0001:0000c380       unzGoToFilePos             000000018000d380 f   unzip.obj
 0001:0000c5e0       unzOpenCurrentFile3        000000018000d5e0 f   unzip.obj
 0001:0000c8a0       unzOpenCurrentFile         000000018000d8a0 f   unzip.obj
 0001:0000c8c0       unzOpenCurrentFilePassword 000000018000d8c0 f   unzip.obj
 0001:0000c8e0       unzOpenCurrentFile2        000000018000d8e0 f   unzip.obj
 0001:0000c900       unzGetCurrentFileZStreamPos64 000000018000d900 f   unzip.obj
 0001:0000c920       unzReadCurrentFile         000000018000d920 f   unzip.obj
 0001:0000cbe0       unztell                    000000018000dbe0 f   unzip.obj
 0001:0000cc00       unztell64                  000000018000dc00 f   unzip.obj
 0001:0000cc20       unzeof                     000000018000dc20 f   unzip.obj
 0001:0000cc50       unzGetLocalExtrafield      000000018000dc50 f   unzip.obj
 0001:0000cd40       unzCloseCurrentFile        000000018000dd40 f   unzip.obj
 0001:0000ce00       unzGetGlobalComment        000000018000de00 f   unzip.obj
 0001:0000d850       LoadCentralDirectoryRecord 000000018000e850 f   zip.obj
 0001:0000dbf0       zipOpen3                   000000018000ebf0 f   zip.obj
 0001:0000de40       zipOpen2                   000000018000ee40 f   zip.obj
 0001:0000de90       zipOpen2_64                000000018000ee90 f   zip.obj
 0001:0000def0       zipOpen                    000000018000eef0 f   zip.obj
 0001:0000def0       zipOpen64                  000000018000eef0 f   zip.obj
 0001:0000df00       Write_LocalFileHeader      000000018000ef00 f   zip.obj
 0001:0000e160       zipOpenNewFileInZip4_64    000000018000f160 f   zip.obj
 0001:0000e6e0       zipOpenNewFileInZip3       000000018000f6e0 f   zip.obj
 0001:0000e790       zipOpenNewFileInZip3_64    000000018000f790 f   zip.obj
 0001:0000e850       zipOpenNewFileInZip2       000000018000f850 f   zip.obj
 0001:0000e8e0       zipOpenNewFileInZip2_64    000000018000f8e0 f   zip.obj
 0001:0000e980       zipOpenNewFileInZip64      000000018000f980 f   zip.obj
 0001:0000ea10       zipOpenNewFileInZip        000000018000fa10 f   zip.obj
 0001:0000eb80       zipWriteInFileInZip        000000018000fb80 f   zip.obj
 0001:0000ecf0       zipCloseFileInZipRaw       000000018000fcf0 f   zip.obj
 0001:0000ed00       zipCloseFileInZipRaw64     000000018000fd00 f   zip.obj
 0001:0000f160       zipCloseFileInZip          0000000180010160 f   zip.obj
 0001:0000f170       Write_Zip64EndOfCentralDirectoryLocator 0000000180010170 f   zip.obj
 0001:0000f1f0       Write_Zip64EndOfCentralDirectoryRecord 00000001800101f0 f   zip.obj
 0001:0000f320       Write_EndOfCentralDirectoryRecord 0000000180010320 f   zip.obj
 0001:0000f440       Write_GlobalComment        0000000180010440 f   zip.obj
 0001:0000f4d0       zipClose                   00000001800104d0 f   zip.obj
 0001:0000f640       zlibVersion                0000000180010640 f   zutil.obj
 0001:0000f650       zlibCompileFlags           0000000180010650 f   zutil.obj
 0001:0000f660       zError                     0000000180010660 f   zutil.obj
 0001:0000f680       zcalloc                    0000000180010680 f   zutil.obj
 0001:0000f690       zcfree                     0000000180010690 f   zutil.obj
 0001:0000f6a0       longest_match              00000001800106a0 f   gvmat64.obj
 0001:0000f979       match_init                 0000000180010979 f   gvmat64.obj
 0001:0000f980       inffas8664fnc              0000000180010980 f   inffasx64.obj
 0001:0000fcf8       _CRT_INIT                  0000000180010cf8 f   MSVCRT:crtdll.obj
 0001:0000ff44       _DllMainCRTStartup         0000000180010f44 f   MSVCRT:crtdll.obj
 0001:000100ba       __CppXcptFilter            00000001800110ba f   MSVCRT:MSVCR110.dll
 0001:000100c0       _amsg_exit                 00000001800110c0 f   MSVCRT:MSVCR110.dll
 0001:000100d0       _FindPESection             00000001800110d0 f   MSVCRT:pesect.obj
 0001:00010120       _IsNonwritableInCurrentImage 0000000180011120 f   MSVCRT:pesect.obj
 0001:00010170       _ValidateImageBase         0000000180011170 f   MSVCRT:pesect.obj
 0001:000101a0       __atonexitinit             00000001800111a0 f   MSVCRT:atonexit.obj
 0001:000101f0       _onexit                    00000001800111f0 f   MSVCRT:atonexit.obj
 0001:000102a0       atexit                     00000001800112a0 f   MSVCRT:atonexit.obj
 0001:000102b8       __security_init_cookie     00000001800112b8 f   MSVCRT:gs_support.obj
 0001:00010370       DllMain                    0000000180011370 f   MSVCRT:dllmain.obj
 0001:00010394       _RTC_Initialize            0000000180011394 f   MSVCRT:initsect.obj
 0001:000103cc       _RTC_Terminate             00000001800113cc f   MSVCRT:initsect.obj
 0001:00010404       _initterm                  0000000180011404 f   MSVCRT:MSVCR110.dll
 0001:0001040a       _initterm_e                000000018001140a f   MSVCRT:MSVCR110.dll
 0001:00010410       __clean_type_info_names    0000000180011410 f   MSVCRT:tncleanup.obj
 0001:0001041c       __C_specific_handler       000000018001141c f   MSVCRT:MSVCR110.dll
 0001:00010422       _lock                      0000000180011422 f   MSVCRT:MSVCR110.dll
 0001:00010428       _unlock                    0000000180011428 f   MSVCRT:MSVCR110.dll
 0001:0001042e       __dllonexit                000000018001142e f   MSVCRT:MSVCR110.dll
 0001:00010434       __clean_type_info_names_internal 0000000180011434 f   MSVCRT:MSVCR110.dll
 0001:00010450       _alloca_probe              0000000180011450     MSVCRT:chkstk.obj
 0001:00010450       __chkstk                   0000000180011450 f   MSVCRT:chkstk.obj
 0001:0001049e       memcpy                     000000018001149e f   MSVCRT:MSVCR110.dll
 0001:000104a4       memset                     00000001800114a4 f   MSVCRT:MSVCR110.dll
 0002:00000000       __imp_CreateFileA          0000000180012000     kernel32:KERNEL32.dll
 0002:00000008       __imp_SetFilePointer       0000000180012008     kernel32:KERNEL32.dll
 0002:00000010       __imp_WriteFile            0000000180012010     kernel32:KERNEL32.dll
 0002:00000018       __imp_ReadFile             0000000180012018     kernel32:KERNEL32.dll
 0002:00000020       __imp_CreateFileW          0000000180012020     kernel32:KERNEL32.dll
 0002:00000028       __imp_GetLastError         0000000180012028     kernel32:KERNEL32.dll
 0002:00000030       __imp_CloseHandle          0000000180012030     kernel32:KERNEL32.dll
 0002:00000038       __imp_GetTickCount64       0000000180012038     kernel32:KERNEL32.dll
 0002:00000040       __imp_GetSystemTimeAsFileTime 0000000180012040     kernel32:KERNEL32.dll
 0002:00000048       __imp_GetCurrentThreadId   0000000180012048     kernel32:KERNEL32.dll
 0002:00000050       __imp_QueryPerformanceCounter 0000000180012050     kernel32:KERNEL32.dll
 0002:00000058       __imp_DecodePointer        0000000180012058     kernel32:KERNEL32.dll
 0002:00000060       __imp_EncodePointer        0000000180012060     kernel32:KERNEL32.dll
 0002:00000068       __imp_DisableThreadLibraryCalls 0000000180012068     kernel32:KERNEL32.dll
 0002:00000070       \177KERNEL32_NULL_THUNK_DATA 0000000180012070     kernel32:KERNEL32.dll
 0002:00000078       __imp_memchr               0000000180012078     MSVCRT:MSVCR110.dll
 0002:00000080       __imp__errno               0000000180012080     MSVCRT:MSVCR110.dll
 0002:00000088       __imp__ftelli64            0000000180012088     MSVCRT:MSVCR110.dll
 0002:00000090       __imp__fseeki64            0000000180012090     MSVCRT:MSVCR110.dll
 0002:00000098       __imp_fopen                0000000180012098     MSVCRT:MSVCR110.dll
 0002:000000a0       __imp_fread                00000001800120a0     MSVCRT:MSVCR110.dll
 0002:000000a8       __imp_ferror               00000001800120a8     MSVCRT:MSVCR110.dll
 0002:000000b0       __imp_fwrite               00000001800120b0     MSVCRT:MSVCR110.dll
 0002:000000b8       __imp_strerror             00000001800120b8     MSVCRT:MSVCR110.dll
 0002:000000c0       __imp_rand                 00000001800120c0     MSVCRT:MSVCR110.dll
 0002:000000c8       __imp_srand                00000001800120c8     MSVCRT:MSVCR110.dll
 0002:000000d0       __imp__time64              00000001800120d0     MSVCRT:MSVCR110.dll
 0002:000000d8       __imp_vsnprintf            00000001800120d8     MSVCRT:MSVCR110.dll
 0002:000000d8       __imp__vsnprintf           00000001800120d8     MSVCRT:MSVCR110.dll
 0002:000000e0       __imp___CppXcptFilter      00000001800120e0     MSVCRT:MSVCR110.dll
 0002:000000e8       __imp__amsg_exit           00000001800120e8     MSVCRT:MSVCR110.dll
 0002:000000f0       __imp__malloc_crt          00000001800120f0     MSVCRT:MSVCR110.dll
 0002:000000f8       __imp__initterm            00000001800120f8     MSVCRT:MSVCR110.dll
 0002:00000100       __imp__initterm_e          0000000180012100     MSVCRT:MSVCR110.dll
 0002:00000108       __imp___C_specific_handler 0000000180012108     MSVCRT:MSVCR110.dll
 0002:00000110       __imp__lock                0000000180012110     MSVCRT:MSVCR110.dll
 0002:00000118       __imp__unlock              0000000180012118     MSVCRT:MSVCR110.dll
 0002:00000120       __imp__calloc_crt          0000000180012120     MSVCRT:MSVCR110.dll
 0002:00000128       __imp___dllonexit          0000000180012128     MSVCRT:MSVCR110.dll
 0002:00000130       __imp__onexit              0000000180012130     MSVCRT:MSVCR110.dll
 0002:00000138       __imp___clean_type_info_names_internal 0000000180012138     MSVCRT:MSVCR110.dll
 0002:00000140       __imp_wcstombs             0000000180012140     MSVCRT:MSVCR110.dll
 0002:00000148       __imp_malloc               0000000180012148     MSVCRT:MSVCR110.dll
 0002:00000150       __imp_free                 0000000180012150     MSVCRT:MSVCR110.dll
 0002:00000158       __imp__wopen               0000000180012158     MSVCRT:MSVCR110.dll
 0002:00000160       __imp__lseeki64            0000000180012160     MSVCRT:MSVCR110.dll
 0002:00000168       __imp_sprintf              0000000180012168     MSVCRT:MSVCR110.dll
 0002:00000170       __imp_fclose               0000000180012170     MSVCRT:MSVCR110.dll
 0002:00000178       __imp__open                0000000180012178     MSVCRT:MSVCR110.dll
 0002:00000178       __imp_open                 0000000180012178     MSVCRT:MSVCR110.dll
 0002:00000180       __imp_read                 0000000180012180     MSVCRT:MSVCR110.dll
 0002:00000180       __imp__read                0000000180012180     MSVCRT:MSVCR110.dll
 0002:00000188       __imp__close               0000000180012188     MSVCRT:MSVCR110.dll
 0002:00000188       __imp_close                0000000180012188     MSVCRT:MSVCR110.dll
 0002:00000190       __imp__write               0000000180012190     MSVCRT:MSVCR110.dll
 0002:00000190       __imp_write                0000000180012190     MSVCRT:MSVCR110.dll
 0002:00000198       __imp_memcpy               0000000180012198     MSVCRT:MSVCR110.dll
 0002:000001a0       __imp_memset               00000001800121a0     MSVCRT:MSVCR110.dll
 0002:000001a8       \177MSVCR110_NULL_THUNK_DATA 00000001800121a8     MSVCRT:MSVCR110.dll
 0002:000001b0       __xc_a                     00000001800121b0     MSVCRT:cinitexe.obj
 0002:000001b8       __xc_z                     00000001800121b8     MSVCRT:cinitexe.obj
 0002:000001c0       __xi_a                     00000001800121c0     MSVCRT:cinitexe.obj
 0002:000001d8       __xi_z                     00000001800121d8     MSVCRT:cinitexe.obj
 0002:000001e0       _pDefaultRawDllMain        00000001800121e0     MSVCRT:crtdll.obj
 0002:000001e0       _pRawDllMain               00000001800121e0     MSVCRT:crtdll.obj
 0002:000001e8       ??_C@_05HBMOAMF@1?42?47?$AA@ 00000001800121e8     compress.obj
 0002:000022a0       deflate_copyright          00000001800142a0     deflate.obj
 0002:00003510       inflate_copyright          0000000180015510     inftrees.obj
 0002:00003580       _dist_code                 0000000180015580     trees.obj
 0002:00003780       _length_code               0000000180015780     trees.obj
 0002:00003fe0       unz_copyright              0000000180015fe0     unzip.obj
 0002:00004040       zip_copyright              0000000180016040     zip.obj
 0002:00004090       z_errmsg                   0000000180016090     zutil.obj
 0002:000040e0       ??_C@_07EBNKNFJN@?$DMfd?3?$CFd?$DO?$AA@ 00000001800160e0     gzlib.obj
 0002:000040e8       ??_C@_00CNPNBAHC@?$AA@     00000001800160e8     gzlib.obj
 0002:000040f0       ??_C@_0O@BNNCBLEN@out?5of?5memory?$AA@ 00000001800160f0     gzlib.obj
 0002:00004100       ??_C@_02LMMGGCAJ@?3?5?$AA@ 0000000180016100     gzlib.obj
 0002:00004108       ??_C@_0BH@CFIIDOJD@unexpected?5end?5of?5file?$AA@ 0000000180016108     gzread.obj
 0002:00004120       ??_C@_0CH@CPOLIEKA@internal?5error?3?5inflate?5stream?5c@ 0000000180016120     gzread.obj
 0002:00004148       ??_C@_0BG@HCKBMIHF@compressed?5data?5error?$AA@ 0000000180016148     gzread.obj
 0002:00004160       ??_C@_0CF@MLPJFDMM@requested?5length?5does?5not?5fit?5in@ 0000000180016160     gzread.obj
 0002:00004188       ??_C@_0BP@IIKIGMCC@out?5of?5room?5to?5push?5characters?$AA@ 0000000180016188     gzread.obj
 0002:000041a8       ??_C@_0CH@DEEGAHIB@internal?5error?3?5deflate?5stream?5c@ 00000001800161a8     gzwrite.obj
 0002:000041d0       ??_C@_0BD@PJCBIDD@invalid?5block?5type?$AA@ 00000001800161d0     infback.obj
 0002:000041e8       ??_C@_0BN@LGAADGOK@invalid?5stored?5block?5lengths?$AA@ 00000001800161e8     infback.obj
 0002:00004208       ??_C@_0CE@GMIGFPBB@too?5many?5length?5or?5distance?5symb@ 0000000180016208     infback.obj
 0002:00004230       ??_C@_0BJ@HDEPPGOH@invalid?5code?5lengths?5set?$AA@ 0000000180016230     infback.obj
 0002:00004250       ??_C@_0BK@BMMPFBBH@invalid?5bit?5length?5repeat?$AA@ 0000000180016250     infback.obj
 0002:00004270       ??_C@_0CF@DGDMADCD@invalid?5code?5?9?9?5missing?5end?9of?9b@ 0000000180016270     infback.obj
 0002:00004298       ??_C@_0BM@IIMGAINC@invalid?5literal?1lengths?5set?$AA@ 0000000180016298     infback.obj
 0002:000042b8       ??_C@_0BG@GMDFCBGP@invalid?5distances?5set?$AA@ 00000001800162b8     infback.obj
 0002:000042d0       ??_C@_0BM@FFFLPBBC@invalid?5literal?1length?5code?$AA@ 00000001800162d0     infback.obj
 0002:000042f0       ??_C@_0BG@LBKINIKP@invalid?5distance?5code?$AA@ 00000001800162f0     infback.obj
 0002:00004308       ??_C@_0BO@ECPMAOGG@invalid?5distance?5too?5far?5back?$AA@ 0000000180016308     infback.obj
 0002:00004328       ??_C@_0BH@LIBMMIGA@incorrect?5header?5check?$AA@ 0000000180016328     inflate.obj
 0002:00004340       ??_C@_0BL@IHKGDAEE@unknown?5compression?5method?$AA@ 0000000180016340     inflate.obj
 0002:00004360       ??_C@_0BE@EMOGCLGO@invalid?5window?5size?$AA@ 0000000180016360     inflate.obj
 0002:00004378       ??_C@_0BJ@BLBBCOMO@unknown?5header?5flags?5set?$AA@ 0000000180016378     inflate.obj
 0002:00004398       ??_C@_0BE@GONKLEPM@header?5crc?5mismatch?$AA@ 0000000180016398     inflate.obj
 0002:000043b0       ??_C@_0BF@MEIGEHBE@incorrect?5data?5check?$AA@ 00000001800163b0     inflate.obj
 0002:000043c8       ??_C@_0BH@FGKKJGOC@incorrect?5length?5check?$AA@ 00000001800163c8     inflate.obj
 0002:000043e0       ??_C@_02JDPG@rb?$AA@       00000001800163e0     ioapi.obj
 0002:000043e4       ??_C@_03HMFOOINA@r?$CLb?$AA@ 00000001800163e4     ioapi.obj
 0002:000043e8       ??_C@_02GMLFBBN@wb?$AA@    00000001800163e8     ioapi.obj
 0002:000043ec       ??_C@_01JOAMLHOP@?9?$AA@   00000001800163ec     zip.obj
 0002:000043f0       ??_C@_0BA@MOKMMFOD@need?5dictionary?$AA@ 00000001800163f0     zutil.obj
 0002:00004400       ??_C@_0L@FNAOCBOG@stream?5end?$AA@ 0000000180016400     zutil.obj
 0002:00004410       ??_C@_0L@KIJFAKBJ@file?5error?$AA@ 0000000180016410     zutil.obj
 0002:00004420       ??_C@_0N@MKKNPMJD@stream?5error?$AA@ 0000000180016420     zutil.obj
 0002:00004430       ??_C@_0L@HAHMBNLP@data?5error?$AA@ 0000000180016430     zutil.obj
 0002:00004440       ??_C@_0BE@OGGJBMCE@insufficient?5memory?$AA@ 0000000180016440     zutil.obj
 0002:00004458       ??_C@_0N@DFPGLBGC@buffer?5error?$AA@ 0000000180016458     zutil.obj
 0002:00004468       ??_C@_0BF@CJFPCCEG@incompatible?5version?$AA@ 0000000180016468     zutil.obj
 0002:00004480       _load_config_used          0000000180016480     MSVCRT:loadcfg.obj
 0002:000044f0       __rtc_iaa                  00000001800164f0     MSVCRT:initsect.obj
 0002:000044f8       __rtc_izz                  00000001800164f8     MSVCRT:initsect.obj
 0002:00004500       __rtc_taa                  0000000180016500     MSVCRT:initsect.obj
 0002:00004508       __rtc_tzz                  0000000180016508     MSVCRT:initsect.obj
 0002:000056e0       __IMPORT_DESCRIPTOR_KERNEL32 00000001800176e0     kernel32:KERNEL32.dll
 0002:000056f4       __IMPORT_DESCRIPTOR_MSVCR110 00000001800176f4     MSVCRT:MSVCR110.dll
 0002:00005708       __NULL_IMPORT_DESCRIPTOR   0000000180017708     kernel32:KERNEL32.dll
 0003:00000000       __native_dllmain_reason    0000000180019000     MSVCRT:natstart.obj
 0003:00000008       __security_cookie          0000000180019008     MSVCRT:gs_cookie.obj
 0003:00000010       __security_cookie_complement 0000000180019010     MSVCRT:gs_cookie.obj
 0003:00000088       ?__type_info_root_node@@3U__type_info_node@@A 0000000180019088     MSVCRT:tncleanup.obj
 0003:000000a0       __native_startup_lock      00000001800190a0     <common>
 0003:000000a8       __native_startup_state     00000001800190a8     <common>
 0003:000000b0       __onexitend                00000001800190b0     <common>
 0003:000000b8       __onexitbegin              00000001800190b8     <common>
 0003:000000c0       __dyn_tls_init_callback    00000001800190c0     <common>

 entry point at        0001:0000ff44

 Static symbols

 0001:000002e0       adler32_combine_           00000001800012e0 f   * CIL library *:* CIL module *
 0001:000004d0       crc32_little               00000001800014d0 f   * CIL library *:* CIL module *
 0001:000007d0       gf2_matrix_times           00000001800017d0 f   * CIL library *:* CIL module *
 0001:000007f0       gf2_matrix_square          00000001800017f0 f   * CIL library *:* CIL module *
 0001:00000830       crc32_combine_             0000000180001830 f   * CIL library *:* CIL module *
 0001:000012b0       putShortMSB                00000001800022b0 f   * CIL library *:* CIL module *
 0001:000012e0       flush_pending              00000001800022e0 f   * CIL library *:* CIL module *
 0001:00001f90       read_buf                   0000000180002f90 f   * CIL library *:* CIL module *
 0001:00002030       lm_init                    0000000180003030 f   * CIL library *:* CIL module *
 0001:000020f0       fill_window                00000001800030f0 f   * CIL library *:* CIL module *
 0001:00002340       deflate_stored             0000000180003340 f   * CIL library *:* CIL module *
 0001:00002530       deflate_fast               0000000180003530 f   * CIL library *:* CIL module *
 0001:00002930       deflate_slow               0000000180003930 f   * CIL library *:* CIL module *
 0001:00002e40       deflate_rle                0000000180003e40 f   * CIL library *:* CIL module *
 0001:00003180       deflate_huff               0000000180004180 f   * CIL library *:* CIL module *
 0001:00003370       gz_reset                   0000000180004370 f   * CIL library *:* CIL module *
 0001:000033c0       gz_open                    00000001800043c0 f   * CIL library *:* CIL module *
 0001:00003650       $LN53                      0000000180004650     * CIL library *:* CIL module *
 0001:0000367c       $LN52                      000000018000467c     * CIL library *:* CIL module *
 0001:00003c40       gz_load                    0000000180004c40 f   * CIL library *:* CIL module *
 0001:00003ce0       gz_avail                   0000000180004ce0 f   * CIL library *:* CIL module *
 0001:00003d70       gz_look                    0000000180004d70 f   * CIL library *:* CIL module *
 0001:00003f40       gz_decomp                  0000000180004f40 f   * CIL library *:* CIL module *
 0001:00004050       gz_fetch                   0000000180005050 f   * CIL library *:* CIL module *
 0001:00004100       gz_skip                    0000000180005100 f   * CIL library *:* CIL module *
 0001:000046f0       gz_init                    00000001800056f0 f   * CIL library *:* CIL module *
 0001:00004800       gz_comp                    0000000180005800 f   * CIL library *:* CIL module *
 0001:00004980       gz_zero                    0000000180005980 f   * CIL library *:* CIL module *
 0001:000050a0       fixedtables                00000001800060a0 f   * CIL library *:* CIL module *
 0001:00005f54       $LN436                     0000000180006f54     * CIL library *:* CIL module *
 0001:00006460       fixedtables                0000000180007460 f   * CIL library *:* CIL module *
 0001:00006490       updatewindow               0000000180007490 f   * CIL library *:* CIL module *
 0001:00007c44       $LN731                     0000000180008c44     * CIL library *:* CIL module *
 0001:00007e40       syncsearch                 0000000180008e40 f   * CIL library *:* CIL module *
 0001:00008840       fopen64_file_func          0000000180009840 f   * CIL library *:* CIL module *
 0001:00008890       fread_file_func            0000000180009890 f   * CIL library *:* CIL module *
 0001:000088b0       fwrite_file_func           00000001800098b0 f   * CIL library *:* CIL module *
 0001:000088d0       ftell64_file_func          00000001800098d0 f   * CIL library *:* CIL module *
 0001:000088e0       fseek64_file_func          00000001800098e0 f   * CIL library *:* CIL module *
 0001:00008940       fclose_file_func           0000000180009940 f   * CIL library *:* CIL module *
 0001:00008950       ferror_file_func           0000000180009950 f   * CIL library *:* CIL module *
 0001:000089c0       win32_translate_open_mode  00000001800099c0 f   * CIL library *:* CIL module *
 0001:00008a20       win32_build_iowin          0000000180009a20 f   * CIL library *:* CIL module *
 0001:00009010       init_block                 000000018000a010 f   * CIL library *:* CIL module *
 0001:00009090       pqdownheap                 000000018000a090 f   * CIL library *:* CIL module *
 0001:00009180       gen_bitlen                 000000018000a180 f   * CIL library *:* CIL module *
 0001:000093a0       gen_codes                  000000018000a3a0 f   * CIL library *:* CIL module *
 0001:00009420       build_tree                 000000018000a420 f   * CIL library *:* CIL module *
 0001:00009670       scan_tree                  000000018000a670 f   * CIL library *:* CIL module *
 0001:00009760       send_tree                  000000018000a760 f   * CIL library *:* CIL module *
 0001:00009cc0       build_bl_tree              000000018000acc0 f   * CIL library *:* CIL module *
 0001:00009d90       send_all_trees             000000018000ad90 f   * CIL library *:* CIL module *
 0001:0000a3f0       compress_block             000000018000b3f0 f   * CIL library *:* CIL module *
 0001:0000a810       detect_data_type           000000018000b810 f   * CIL library *:* CIL module *
 0001:0000a890       bi_reverse                 000000018000b890 f   * CIL library *:* CIL module *
 0001:0000a8b0       bi_flush                   000000018000b8b0 f   * CIL library *:* CIL module *
 0001:0000a940       bi_windup                  000000018000b940 f   * CIL library *:* CIL module *
 0001:0000a9a0       copy_block                 000000018000b9a0 f   * CIL library *:* CIL module *
 0001:0000ab20       zip64local_getByte         000000018000bb20 f   * CIL library *:* CIL module *
 0001:0000ab20       unz64local_getByte         000000018000bb20 f   * CIL library *:* CIL module *
 0001:0000ab90       unz64local_getShort        000000018000bb90 f   * CIL library *:* CIL module *
 0001:0000ac10       unz64local_getLong         000000018000bc10 f   * CIL library *:* CIL module *
 0001:0000ace0       unz64local_getLong64       000000018000bce0 f   * CIL library *:* CIL module *
 0001:0000ae60       strcmpcasenosensitive_internal 000000018000be60 f   * CIL library *:* CIL module *
 0001:0000aef0       zip64local_SearchCentralDir 000000018000bef0 f   * CIL library *:* CIL module *
 0001:0000aef0       unz64local_SearchCentralDir 000000018000bef0 f   * CIL library *:* CIL module *
 0001:0000b070       unz64local_SearchCentralDir64 000000018000c070 f   * CIL library *:* CIL module *
 0001:0000b290       unzOpenInternal            000000018000c290 f   * CIL library *:* CIL module *
 0001:0000b880       unz64local_DosDateToTmuDate 000000018000c880 f   * CIL library *:* CIL module *
 0001:0000b8e0       unz64local_GetCurrentFileInfoInternal 000000018000c8e0 f   * CIL library *:* CIL module *
 0001:0000c3c0       unz64local_CheckCurrentFileCoherencyHeader 000000018000d3c0 f   * CIL library *:* CIL module *
 0001:0000ceb0       decrypt_byte               000000018000deb0 f   * CIL library *:* CIL module *
 0001:0000ced0       update_keys                000000018000ded0 f   * CIL library *:* CIL module *
 0001:0000cf30       init_keys                  000000018000df30 f   * CIL library *:* CIL module *
 0001:0000cfa0       crypthead                  000000018000dfa0 f   * CIL library *:* CIL module *
 0001:0000d0f0       allocate_new_datablock     000000018000e0f0 f   * CIL library *:* CIL module *
 0001:0000d120       free_datablock             000000018000e120 f   * CIL library *:* CIL module *
 0001:0000d150       init_linkedlist            000000018000e150 f   * CIL library *:* CIL module *
 0001:0000d160       free_linkedlist            000000018000e160 f   * CIL library *:* CIL module *
 0001:0000d180       add_data_in_datablock      000000018000e180 f   * CIL library *:* CIL module *
 0001:0000d250       zip64local_putValue        000000018000e250 f   * CIL library *:* CIL module *
 0001:0000d2c0       zip64local_putValue_inmemory 000000018000e2c0 f   * CIL library *:* CIL module *
 0001:0000d310       zip64local_TmzDateToDosDate 000000018000e310 f   * CIL library *:* CIL module *
 0001:0000d360       zip64local_getShort        000000018000e360 f   * CIL library *:* CIL module *
 0001:0000d3e0       zip64local_getLong         000000018000e3e0 f   * CIL library *:* CIL module *
 0001:0000d4b0       zip64local_getLong64       000000018000e4b0 f   * CIL library *:* CIL module *
 0001:0000d630       zip64local_SearchCentralDir64 000000018000e630 f   * CIL library *:* CIL module *
 0001:0000eaa0       zip64FlushWriteBuffer      000000018000faa0 f   * CIL library *:* CIL module *
 0001:0000f6a0       $$000000                   00000001800106a0     gvmat64.obj
 0001:0000f980       $$000000                   0000000180010980     inffasx64.obj
 0001:0000fc98       pre_c_init                 0000000180010c98 f   MSVCRT:crtdll.obj
 0001:0000ff84       __DllMainCRTStartup        0000000180010f84 f   MSVCRT:crtdll.obj
 0001:00010440       $$000000                   0000000180011440     MSVCRT:chkstk.obj
 0001:000104b0       __DllMainCRTStartup$filt$0 00000001800114b0 f   MSVCRT:crtdll.obj
 0001:000104d5       __DllMainCRTStartup$fin$1  00000001800114d5 f   MSVCRT:crtdll.obj
 0001:000104f0       _IsNonwritableInCurrentImage$filt$0 00000001800114f0 f   MSVCRT:pesect.obj
 0001:00010510       _onexit$fin$0              0000000180011510 f   MSVCRT:atonexit.obj
 0002:000001c8       pcinit                     00000001800121c8     MSVCRT:crtdll.obj
 0002:000001d0       pinit                      00000001800121d0     MSVCRT:atonexit.obj
 0002:000001f0       crc_table                  00000001800121f0     * CIL library *:* CIL module *
 0002:000021f0       configuration_table        00000001800141f0     * CIL library *:* CIL module *
 0002:00002290       ?my_version@?1??deflateInit2_@@9@9 0000000180014290     * CIL library *:* CIL module *
 0002:000022f0       ?lenfix@?1??fixedtables@@9@9 00000001800142f0     * CIL library *:* CIL module *
 0002:00002af0       ?order@?1??inflateBack@@9@9 0000000180014af0     * CIL library *:* CIL module *
 0002:00002b20       ?distfix@?1??fixedtables@@9@9 0000000180014b20     * CIL library *:* CIL module *
 0002:00002ba0       ?lenfix@?1??fixedtables@@9@9 0000000180014ba0     * CIL library *:* CIL module *
 0002:000033a0       ?order@?1??inflate@@9@9    00000001800153a0     * CIL library *:* CIL module *
 0002:000033d0       ?distfix@?1??fixedtables@@9@9 00000001800153d0     * CIL library *:* CIL module *
 0002:00003450       ?lext@?1??inflate_table@@9@9 0000000180015450     * CIL library *:* CIL module *
 0002:00003490       ?dbase@?1??inflate_table@@9@9 0000000180015490     * CIL library *:* CIL module *
 0002:000034d0       ?lbase@?1??inflate_table@@9@9 00000001800154d0     * CIL library *:* CIL module *
 0002:00003540       ?dext@?1??inflate_table@@9@9 0000000180015540     * CIL library *:* CIL module *
 0002:00003880       static_dtree               0000000180015880     * CIL library *:* CIL module *
 0002:00003900       static_ltree               0000000180015900     * CIL library *:* CIL module *
 0002:00003d80       extra_dbits                0000000180015d80     * CIL library *:* CIL module *
 0002:00003e00       base_length                0000000180015e00     * CIL library *:* CIL module *
 0002:00003e80       extra_blbits               0000000180015e80     * CIL library *:* CIL module *
 0002:00003ed0       extra_lbits                0000000180015ed0     * CIL library *:* CIL module *
 0002:00003f48       bl_order                   0000000180015f48     * CIL library *:* CIL module *
 0002:00003f60       base_dist                  0000000180015f60     * CIL library *:* CIL module *
 0002:00004510       $unwind$_CRT_INIT          0000000180016510     MSVCRT:crtdll.obj
 0002:0000452c       $unwind$__DllMainCRTStartup 000000018001652c     MSVCRT:crtdll.obj
 0002:00004568       $unwind$_onexit$fin$0      0000000180016568     MSVCRT:crtdll.obj
 0002:00004568       $unwind$__DllMainCRTStartup$filt$0 0000000180016568     MSVCRT:crtdll.obj
 0002:00004568       $unwind$__DllMainCRTStartup$fin$1 0000000180016568     MSVCRT:crtdll.obj
 0002:00004568       $unwind$_IsNonwritableInCurrentImage$filt$0 0000000180016568     MSVCRT:crtdll.obj
 0002:00004570       $unwind$_IsNonwritableInCurrentImage 0000000180016570     MSVCRT:pesect.obj
 0002:00004594       $unwind$_onexit            0000000180016594     MSVCRT:atonexit.obj
 0002:000045b4       $unwind$__security_init_cookie 00000001800165b4     MSVCRT:gs_support.obj
 0002:000045c0       $unwind$compress2          00000001800165c0     * CIL library *:* CIL module *
 0002:000045c8       $chain$0$compress2         00000001800165c8     * CIL library *:* CIL module *
 0002:000045dc       $chain$2$compress2         00000001800165dc     * CIL library *:* CIL module *
 0002:000045f0       $chain$3$compress2         00000001800165f0     * CIL library *:* CIL module *
 0002:00004600       $unwind$crc32_combine_     0000000180016600     * CIL library *:* CIL module *
 0002:00004614       $unwind$allocate_new_datablock 0000000180016614     * CIL library *:* CIL module *
 0002:00004614       $unwind$gzseek             0000000180016614     * CIL library *:* CIL module *
 0002:00004614       $unwind$gzoffset           0000000180016614     * CIL library *:* CIL module *
 0002:00004614       $unwind$DllMain            0000000180016614     * CIL library *:* CIL module *
 0002:00004614       $unwind$gf2_matrix_square  0000000180016614     * CIL library *:* CIL module *
 0002:00004614       $unwind$gztell             0000000180016614     * CIL library *:* CIL module *
 0002:00004614       $unwind$gzgetc             0000000180016614     * CIL library *:* CIL module *
 0002:00004614       $unwind$atexit             0000000180016614     * CIL library *:* CIL module *
 0002:00004614       $unwind$free_datablock     0000000180016614     * CIL library *:* CIL module *
 0002:00004614       $unwind$call_ztell64       0000000180016614     * CIL library *:* CIL module *
 0002:0000461c       $unwind$crc32_little       000000018001661c     * CIL library *:* CIL module *
 0002:00004624       $chain$0$crc32_little      0000000180016624     * CIL library *:* CIL module *
 0002:00004638       $chain$1$crc32_little      0000000180016638     * CIL library *:* CIL module *
 0002:00004648       $unwind$deflate_slow       0000000180016648     * CIL library *:* CIL module *
 0002:00004664       $unwind$deflate_fast       0000000180016664     * CIL library *:* CIL module *
 0002:0000467c       $chain$0$fill_window       000000018001667c     * CIL library *:* CIL module *
 0002:00004690       $chain$1$fill_window       0000000180016690     * CIL library *:* CIL module *
 0002:000046a0       $unwind$read_buf           00000001800166a0     * CIL library *:* CIL module *
 0002:000046b4       $chain$0$deflateCopy       00000001800166b4     * CIL library *:* CIL module *
 0002:000046c8       $chain$3$deflateCopy       00000001800166c8     * CIL library *:* CIL module *
 0002:000046e0       $chain$5$deflateCopy       00000001800166e0     * CIL library *:* CIL module *
 0002:000046f8       $chain$6$deflateCopy       00000001800166f8     * CIL library *:* CIL module *
 0002:00004708       $unwind$flush_pending      0000000180016708     * CIL library *:* CIL module *
 0002:00004708       $unwind$add_data_in_datablock 0000000180016708     * CIL library *:* CIL module *
 0002:00004718       $chain$0$flush_pending     0000000180016718     * CIL library *:* CIL module *
 0002:0000472c       $chain$1$flush_pending     000000018001672c     * CIL library *:* CIL module *
 0002:0000473c       $unwind$fill_window        000000018001673c     * CIL library *:* CIL module *
 0002:0000473c       $unwind$unz64local_getByte 000000018001673c     * CIL library *:* CIL module *
 0002:0000473c       $unwind$zip64local_getByte 000000018001673c     * CIL library *:* CIL module *
 0002:0000473c       $unwind$deflateParams      000000018001673c     * CIL library *:* CIL module *
 0002:0000474c       $chain$0$deflateParams     000000018001674c     * CIL library *:* CIL module *
 0002:00004760       $chain$1$deflateParams     0000000180016760     * CIL library *:* CIL module *
 0002:00004770       $unwind$deflateResetKeep   0000000180016770     * CIL library *:* CIL module *
 0002:00004770       $unwind$gzputc             0000000180016770     * CIL library *:* CIL module *
 0002:00004770       $unwind$gzseek64           0000000180016770     * CIL library *:* CIL module *
 0002:0000477c       $chain$0$deflateResetKeep  000000018001677c     * CIL library *:* CIL module *
 0002:00004790       $chain$1$deflateResetKeep  0000000180016790     * CIL library *:* CIL module *
 0002:000047a0       $unwind$deflateSetDictionary 00000001800167a0     * CIL library *:* CIL module *
 0002:000047b0       $chain$3$deflateSetDictionary 00000001800167b0     * CIL library *:* CIL module *
 0002:000047d0       $chain$5$deflateSetDictionary 00000001800167d0     * CIL library *:* CIL module *
 0002:000047e4       $chain$6$deflateSetDictionary 00000001800167e4     * CIL library *:* CIL module *
 0002:000047f4       $unwind$deflateInit2_      00000001800167f4     * CIL library *:* CIL module *
 0002:00004804       $chain$1$deflateInit2_     0000000180016804     * CIL library *:* CIL module *
 0002:0000481c       $chain$2$deflateInit2_     000000018001681c     * CIL library *:* CIL module *
 0002:00004830       $chain$3$deflateInit2_     0000000180016830     * CIL library *:* CIL module *
 0002:00004840       $chain$5$deflateInit2_     0000000180016840     * CIL library *:* CIL module *
 0002:0000485c       $chain$6$deflateInit2_     000000018001685c     * CIL library *:* CIL module *
 0002:00004874       $chain$7$deflateInit2_     0000000180016874     * CIL library *:* CIL module *
 0002:00004884       $chain$0$deflateEnd        0000000180016884     * CIL library *:* CIL module *
 0002:00004898       $chain$2$deflateEnd        0000000180016898     * CIL library *:* CIL module *
 0002:000048ac       $chain$3$deflateEnd        00000001800168ac     * CIL library *:* CIL module *
 0002:000048bc       $unwind$deflateInit_       00000001800168bc     * CIL library *:* CIL module *
 0002:000048c4       $chain$1$deflate           00000001800168c4     * CIL library *:* CIL module *
 0002:000048dc       $chain$2$deflate           00000001800168dc     * CIL library *:* CIL module *
 0002:000048f0       $chain$3$deflate           00000001800168f0     * CIL library *:* CIL module *
 0002:00004900       $chain$5$deflate           0000000180016900     * CIL library *:* CIL module *
 0002:00004918       $chain$6$deflate           0000000180016918     * CIL library *:* CIL module *
 0002:00004928       $chain$0$gzseek64          0000000180016928     * CIL library *:* CIL module *
 0002:0000493c       $chain$2$gzseek64          000000018001693c     * CIL library *:* CIL module *
 0002:0000493c       $chain$4$gzseek64          000000018001693c     * CIL library *:* CIL module *
 0002:00004950       $unwind$Write_Zip64EndOfCentralDirectoryRecord 0000000180016950     * CIL library *:* CIL module *
 0002:00004950       $unwind$deflate_huff       0000000180016950     * CIL library *:* CIL module *
 0002:00004950       $unwind$init_keys          0000000180016950     * CIL library *:* CIL module *
 0002:00004950       $unwind$gz_error           0000000180016950     * CIL library *:* CIL module *
 0002:00004950       $unwind$send_all_trees     0000000180016950     * CIL library *:* CIL module *
 0002:00004950       $unwind$gzdopen            0000000180016950     * CIL library *:* CIL module *
 0002:00004950       $unwind$_DllMainCRTStartup 0000000180016950     * CIL library *:* CIL module *
 0002:00004950       $unwind$Write_EndOfCentralDirectoryRecord 0000000180016950     * CIL library *:* CIL module *
 0002:00004960       $unwind$gz_open            0000000180016960     * CIL library *:* CIL module *
 0002:00004974       $chain$0$gz_open           0000000180016974     * CIL library *:* CIL module *
 0002:00004988       $chain$1$gz_open           0000000180016988     * CIL library *:* CIL module *
 0002:0000499c       $chain$2$gz_open           000000018001699c     * CIL library *:* CIL module *
 0002:000049ac       $chain$3$gz_open           00000001800169ac     * CIL library *:* CIL module *
 0002:000049bc       $chain$4$gz_open           00000001800169bc     * CIL library *:* CIL module *
 0002:000049d4       $unwind$gzgets             00000001800169d4     * CIL library *:* CIL module *
 0002:000049e0       $chain$3$gzgets            00000001800169e0     * CIL library *:* CIL module *
 0002:00004a00       $chain$5$gzgets            0000000180016a00     * CIL library *:* CIL module *
 0002:00004a20       $chain$6$gzgets            0000000180016a20     * CIL library *:* CIL module *
 0002:00004a30       $unwind$_RTC_Terminate     0000000180016a30     * CIL library *:* CIL module *
 0002:00004a30       $unwind$gzungetc           0000000180016a30     * CIL library *:* CIL module *
 0002:00004a30       $unwind$Write_Zip64EndOfCentralDirectoryLocator 0000000180016a30     * CIL library *:* CIL module *
 0002:00004a30       $unwind$win32_seek_file_func 0000000180016a30     * CIL library *:* CIL module *
 0002:00004a30       $unwind$gzflush            0000000180016a30     * CIL library *:* CIL module *
 0002:00004a30       $unwind$gzclose_w          0000000180016a30     * CIL library *:* CIL module *
 0002:00004a30       $unwind$_RTC_Initialize    0000000180016a30     * CIL library *:* CIL module *
 0002:00004a30       $unwind$win32_close_file_func 0000000180016a30     * CIL library *:* CIL module *
 0002:00004a30       $unwind$deflatePrime       0000000180016a30     * CIL library *:* CIL module *
 0002:00004a30       $unwind$lm_init            0000000180016a30     * CIL library *:* CIL module *
 0002:00004a30       $unwind$gz_skip            0000000180016a30     * CIL library *:* CIL module *
 0002:00004a30       $unwind$gz_reset           0000000180016a30     * CIL library *:* CIL module *
 0002:00004a30       $unwind$deflateReset       0000000180016a30     * CIL library *:* CIL module *
 0002:00004a3c       $unwind$gzread             0000000180016a3c     * CIL library *:* CIL module *
 0002:00004a48       $chain$0$gzread            0000000180016a48     * CIL library *:* CIL module *
 0002:00004a5c       $chain$5$gzread            0000000180016a5c     * CIL library *:* CIL module *
 0002:00004a7c       $unwind$deflate_stored     0000000180016a7c     * CIL library *:* CIL module *
 0002:00004a7c       $unwind$gz_load            0000000180016a7c     * CIL library *:* CIL module *
 0002:00004a7c       $unwind$gz_decomp          0000000180016a7c     * CIL library *:* CIL module *
 0002:00004a7c       $unwind$unz64local_getShort 0000000180016a7c     * CIL library *:* CIL module *
 0002:00004a7c       $unwind$zip64local_getShort 0000000180016a7c     * CIL library *:* CIL module *
 0002:00004a7c       $unwind$_tr_flush_block    0000000180016a7c     * CIL library *:* CIL module *
 0002:00004a90       $unwind$gz_look            0000000180016a90     * CIL library *:* CIL module *
 0002:00004aa4       $chain$0$gz_look           0000000180016aa4     * CIL library *:* CIL module *
 0002:00004ab8       $chain$1$gz_look           0000000180016ab8     * CIL library *:* CIL module *
 0002:00004ac8       $unwind$gzclose_r          0000000180016ac8     * CIL library *:* CIL module *
 0002:00004ad8       $unwind$gzsetparams        0000000180016ad8     * CIL library *:* CIL module *
 0002:00004aec       $unwind$gzprintf           0000000180016aec     * CIL library *:* CIL module *
 0002:00004af4       $chain$1$gzprintf          0000000180016af4     * CIL library *:* CIL module *
 0002:00004b0c       $chain$3$gzprintf          0000000180016b0c     * CIL library *:* CIL module *
 0002:00004b24       $unwind$gzwrite            0000000180016b24     * CIL library *:* CIL module *
 0002:00004b3c       $unwind$gz_zero            0000000180016b3c     * CIL library *:* CIL module *
 0002:00004b48       $chain$1$gz_zero           0000000180016b48     * CIL library *:* CIL module *
 0002:00004b60       $chain$3$gz_zero           0000000180016b60     * CIL library *:* CIL module *
 0002:00004b78       $unwind$gz_comp            0000000180016b78     * CIL library *:* CIL module *
 0002:00004b8c       $unwind$gz_init            0000000180016b8c     * CIL library *:* CIL module *
 0002:00004ba0       $unwind$inflateBack        0000000180016ba0     * CIL library *:* CIL module *
 0002:00004bb0       $chain$3$inflateBack       0000000180016bb0     * CIL library *:* CIL module *
 0002:00004bd0       $chain$4$inflateBack       0000000180016bd0     * CIL library *:* CIL module *
 0002:00004be0       $chain$5$inflateBack       0000000180016be0     * CIL library *:* CIL module *
 0002:00004c00       $unwind$inflateBackInit_   0000000180016c00     * CIL library *:* CIL module *
 0002:00004c10       $chain$1$inflateBackInit_  0000000180016c10     * CIL library *:* CIL module *
 0002:00004c28       $chain$3$inflateBackInit_  0000000180016c28     * CIL library *:* CIL module *
 0002:00004c40       $chain$4$inflateBackInit_  0000000180016c40     * CIL library *:* CIL module *
 0002:00004c50       $unwind$inflate_fast       0000000180016c50     * CIL library *:* CIL module *
 0002:00004c68       $unwind$deflate            0000000180016c68     * CIL library *:* CIL module *
 0002:00004c68       $unwind$inflateCopy        0000000180016c68     * CIL library *:* CIL module *
 0002:00004c74       $chain$1$inflateCopy       0000000180016c74     * CIL library *:* CIL module *
 0002:00004c8c       $chain$2$inflateCopy       0000000180016c8c     * CIL library *:* CIL module *
 0002:00004ca0       $chain$3$inflateCopy       0000000180016ca0     * CIL library *:* CIL module *
 0002:00004cb0       $chain$5$inflateCopy       0000000180016cb0     * CIL library *:* CIL module *
 0002:00004ccc       $chain$6$inflateCopy       0000000180016ccc     * CIL library *:* CIL module *
 0002:00004cdc       $unwind$inflateSync        0000000180016cdc     * CIL library *:* CIL module *
 0002:00004ce8       $chain$1$inflateSync       0000000180016ce8     * CIL library *:* CIL module *
 0002:00004d00       $chain$3$inflateSync       0000000180016d00     * CIL library *:* CIL module *
 0002:00004d18       $chain$4$inflateSync       0000000180016d18     * CIL library *:* CIL module *
 0002:00004d28       $unwind$syncsearch         0000000180016d28     * CIL library *:* CIL module *
 0002:00004d28       $unwind$update_keys        0000000180016d28     * CIL library *:* CIL module *
 0002:00004d28       $unwind$adler32_combine_   0000000180016d28     * CIL library *:* CIL module *
 0002:00004d30       $unwind$inflateSetDictionary 0000000180016d30     * CIL library *:* CIL module *
 0002:00004d40       $chain$1$inflateSetDictionary 0000000180016d40     * CIL library *:* CIL module *
 0002:00004d58       $chain$2$inflateSetDictionary 0000000180016d58     * CIL library *:* CIL module *
 0002:00004d68       $chain$0$updatewindow      0000000180016d68     * CIL library *:* CIL module *
 0002:00004d7c       $chain$1$updatewindow      0000000180016d7c     * CIL library *:* CIL module *
 0002:00004d8c       $unwind$inflateReset2      0000000180016d8c     * CIL library *:* CIL module *
 0002:00004d9c       $chain$0$inflateReset2     0000000180016d9c     * CIL library *:* CIL module *
 0002:00004db0       $chain$2$inflateReset2     0000000180016db0     * CIL library *:* CIL module *
 0002:00004dc4       $chain$3$inflateReset2     0000000180016dc4     * CIL library *:* CIL module *
 0002:00004dd4       $unwind$deflateCopy        0000000180016dd4     * CIL library *:* CIL module *
 0002:00004dd4       $unwind$inflateInit2_      0000000180016dd4     * CIL library *:* CIL module *
 0002:00004de0       $chain$1$inflateInit2_     0000000180016de0     * CIL library *:* CIL module *
 0002:00004df8       $chain$3$inflateInit2_     0000000180016df8     * CIL library *:* CIL module *
 0002:00004e10       $chain$4$inflateInit2_     0000000180016e10     * CIL library *:* CIL module *
 0002:00004e20       $unwind$inflate            0000000180016e20     * CIL library *:* CIL module *
 0002:00004e2c       $chain$4$inflate           0000000180016e2c     * CIL library *:* CIL module *
 0002:00004e50       $chain$6$inflate           0000000180016e50     * CIL library *:* CIL module *
 0002:00004e50       $chain$8$inflate           0000000180016e50     * CIL library *:* CIL module *
 0002:00004e74       $chain$7$inflate           0000000180016e74     * CIL library *:* CIL module *
 0002:00004e84       $unwind$inflate_table      0000000180016e84     * CIL library *:* CIL module *
 0002:00004e98       $chain$0$inflate_table     0000000180016e98     * CIL library *:* CIL module *
 0002:00004eac       $chain$1$inflate_table     0000000180016eac     * CIL library *:* CIL module *
 0002:00004ebc       $unwind$win32_seek64_file_func 0000000180016ebc     * CIL library *:* CIL module *
 0002:00004ec8       $unwind$fseek64_file_func  0000000180016ec8     * CIL library *:* CIL module *
 0002:00004ec8       $unwind$__atonexitinit     0000000180016ec8     * CIL library *:* CIL module *
 0002:00004ec8       $unwind$gz_avail           0000000180016ec8     * CIL library *:* CIL module *
 0002:00004ec8       $unwind$gzrewind           0000000180016ec8     * CIL library *:* CIL module *
 0002:00004ec8       $unwind$copy_block         0000000180016ec8     * CIL library *:* CIL module *
 0002:00004ec8       $unwind$zip64local_putValue 0000000180016ec8     * CIL library *:* CIL module *
 0002:00004ec8       $unwind$inflateBackEnd     0000000180016ec8     * CIL library *:* CIL module *
 0002:00004ec8       $unwind$free_linkedlist    0000000180016ec8     * CIL library *:* CIL module *
 0002:00004ec8       $unwind$win32_tell64_file_func 0000000180016ec8     * CIL library *:* CIL module *
 0002:00004ec8       $unwind$build_bl_tree      0000000180016ec8     * CIL library *:* CIL module *
 0002:00004ec8       $unwind$deflateEnd         0000000180016ec8     * CIL library *:* CIL module *
 0002:00004ec8       $unwind$gzdirect           0000000180016ec8     * CIL library *:* CIL module *
 0002:00004ec8       $unwind$pre_c_init         0000000180016ec8     * CIL library *:* CIL module *
 0002:00004ec8       $unwind$inflateEnd         0000000180016ec8     * CIL library *:* CIL module *
 0002:00004ec8       $unwind$win32_tell_file_func 0000000180016ec8     * CIL library *:* CIL module *
 0002:00004ec8       $unwind$gz_fetch           0000000180016ec8     * CIL library *:* CIL module *
 0002:00004ec8       $unwind$gzputs             0000000180016ec8     * CIL library *:* CIL module *
 0002:00004ec8       $unwind$unzClose           0000000180016ec8     * CIL library *:* CIL module *
 0002:00004ec8       $unwind$gzoffset64         0000000180016ec8     * CIL library *:* CIL module *
 0002:00004ed0       $unwind$win32_read_file_func 0000000180016ed0     * CIL library *:* CIL module *
 0002:00004ed0       $unwind$win32_write_file_func 0000000180016ed0     * CIL library *:* CIL module *
 0002:00004edc       $unwind$win32_open_file_func 0000000180016edc     * CIL library *:* CIL module *
 0002:00004edc       $unwind$win32_open64_file_funcW 0000000180016edc     * CIL library *:* CIL module *
 0002:00004edc       $unwind$win32_open64_file_func 0000000180016edc     * CIL library *:* CIL module *
 0002:00004edc       $unwind$win32_open64_file_funcA 0000000180016edc     * CIL library *:* CIL module *
 0002:00004ee4       $unwind$win32_build_iowin  0000000180016ee4     * CIL library *:* CIL module *
 0002:00004eec       $chain$0$win32_build_iowin 0000000180016eec     * CIL library *:* CIL module *
 0002:00004f00       $chain$2$win32_build_iowin 0000000180016f00     * CIL library *:* CIL module *
 0002:00004f14       $chain$3$win32_build_iowin 0000000180016f14     * CIL library *:* CIL module *
 0002:00004f24       $unwind$compress_block     0000000180016f24     * CIL library *:* CIL module *
 0002:00004f30       $chain$1$compress_block    0000000180016f30     * CIL library *:* CIL module *
 0002:00004f48       $chain$4$compress_block    0000000180016f48     * CIL library *:* CIL module *
 0002:00004f64       $chain$5$compress_block    0000000180016f64     * CIL library *:* CIL module *
 0002:00004f74       $chain$6$compress_block    0000000180016f74     * CIL library *:* CIL module *
 0002:00004f84       $unwind$send_tree          0000000180016f84     * CIL library *:* CIL module *
 0002:00004f8c       $chain$3$send_tree         0000000180016f8c     * CIL library *:* CIL module *
 0002:00004fac       $chain$4$send_tree         0000000180016fac     * CIL library *:* CIL module *
 0002:00004fbc       $unwind$scan_tree          0000000180016fbc     * CIL library *:* CIL module *
 0002:00004fc8       $unwind$build_tree         0000000180016fc8     * CIL library *:* CIL module *
 0002:00004fe4       $unwind$gen_codes          0000000180016fe4     * CIL library *:* CIL module *
 0002:00004fec       $unwind$gen_bitlen         0000000180016fec     * CIL library *:* CIL module *
 0002:00004ffc       $chain$1$gen_bitlen        0000000180016ffc     * CIL library *:* CIL module *
 0002:00005014       $chain$3$gen_bitlen        0000000180017014     * CIL library *:* CIL module *
 0002:0000502c       $chain$4$gen_bitlen        000000018001702c     * CIL library *:* CIL module *
 0002:0000503c       $chain$5$gen_bitlen        000000018001703c     * CIL library *:* CIL module *
 0002:0000504c       $unwind$pqdownheap         000000018001704c     * CIL library *:* CIL module *
 0002:0000505c       $unwind$uncompress         000000018001705c     * CIL library *:* CIL module *
 0002:00005064       $chain$0$uncompress        0000000180017064     * CIL library *:* CIL module *
 0002:00005078       $chain$2$uncompress        0000000180017078     * CIL library *:* CIL module *
 0002:00005078       $chain$4$uncompress        0000000180017078     * CIL library *:* CIL module *
 0002:0000508c       $chain$5$uncompress        000000018001708c     * CIL library *:* CIL module *
 0002:0000509c       $unwind$unzGetGlobalComment 000000018001709c     * CIL library *:* CIL module *
 0002:000050b0       $chain$0$unzCloseCurrentFile 00000001800170b0     * CIL library *:* CIL module *
 0002:000050c4       $chain$2$unzCloseCurrentFile 00000001800170c4     * CIL library *:* CIL module *
 0002:000050d8       $unwind$unzCloseCurrentFile 00000001800170d8     * CIL library *:* CIL module *
 0002:000050d8       $unwind$unzGetLocalExtrafield 00000001800170d8     * CIL library *:* CIL module *
 0002:000050e4       $chain$0$unzGetLocalExtrafield 00000001800170e4     * CIL library *:* CIL module *
 0002:000050f8       $chain$8$unzGetLocalExtrafield 00000001800170f8     * CIL library *:* CIL module *
 0002:000050f8       $chain$2$unzGetLocalExtrafield 00000001800170f8     * CIL library *:* CIL module *
 0002:000050f8       $chain$6$unzGetLocalExtrafield 00000001800170f8     * CIL library *:* CIL module *
 0002:000050f8       $chain$4$unzGetLocalExtrafield 00000001800170f8     * CIL library *:* CIL module *
 0002:0000510c       $unwind$unzReadCurrentFile 000000018001710c     * CIL library *:* CIL module *
 0002:00005114       $chain$0$unzReadCurrentFile 0000000180017114     * CIL library *:* CIL module *
 0002:00005128       $chain$4$unzReadCurrentFile 0000000180017128     * CIL library *:* CIL module *
 0002:00005128       $chain$2$unzReadCurrentFile 0000000180017128     * CIL library *:* CIL module *
 0002:0000513c       $chain$12$unzReadCurrentFile 000000018001713c     * CIL library *:* CIL module *
 0002:00005168       $chain$14$unzReadCurrentFile 0000000180017168     * CIL library *:* CIL module *
 0002:00005194       $unwind$unzGoToFilePos     0000000180017194     * CIL library *:* CIL module *
 0002:00005194       $unwind$compress           0000000180017194     * CIL library *:* CIL module *
 0002:00005194       $unwind$unzOpenCurrentFile 0000000180017194     * CIL library *:* CIL module *
 0002:00005194       $unwind$unzOpenCurrentFile2 0000000180017194     * CIL library *:* CIL module *
 0002:00005194       $unwind$unzOpenCurrentFilePassword 0000000180017194     * CIL library *:* CIL module *
 0002:0000519c       $unwind$unzOpenCurrentFile3 000000018001719c     * CIL library *:* CIL module *
 0002:000051ac       $chain$0$unzOpenCurrentFile3 00000001800171ac     * CIL library *:* CIL module *
 0002:000051c0       $chain$1$unzOpenCurrentFile3 00000001800171c0     * CIL library *:* CIL module *
 0002:000051d4       $chain$2$unzOpenCurrentFile3 00000001800171d4     * CIL library *:* CIL module *
 0002:000051e4       $chain$4$unzOpenCurrentFile3 00000001800171e4     * CIL library *:* CIL module *
 0002:000051fc       $unwind$unz64local_CheckCurrentFileCoherencyHeader 00000001800171fc     * CIL library *:* CIL module *
 0002:00005218       $unwind$unzGoToFilePos64   0000000180017218     * CIL library *:* CIL module *
 0002:00005220       $chain$0$unzGoToFilePos64  0000000180017220     * CIL library *:* CIL module *
 0002:00005234       $chain$1$unzGoToFilePos64  0000000180017234     * CIL library *:* CIL module *
 0002:00005244       $unwind$unzGetFilePos      0000000180017244     * CIL library *:* CIL module *
 0002:0000524c       $unwind$unzLocateFile      000000018001724c     * CIL library *:* CIL module *
 0002:0000525c       $chain$3$unzLocateFile     000000018001725c     * CIL library *:* CIL module *
 0002:0000527c       $chain$5$unzLocateFile     000000018001727c     * CIL library *:* CIL module *
 0002:0000529c       $unwind$unzGoToNextFile    000000018001729c     * CIL library *:* CIL module *
 0002:000052a8       $unwind$unzGoToFirstFile   00000001800172a8     * CIL library *:* CIL module *
 0002:000052b4       $unwind$unzGetCurrentFileInfo 00000001800172b4     * CIL library *:* CIL module *
 0002:000052c0       $unwind$unzGetCurrentFileInfo64 00000001800172c0     * CIL library *:* CIL module *
 0002:000052c8       $unwind$unz64local_GetCurrentFileInfoInternal 00000001800172c8     * CIL library *:* CIL module *
 0002:000052e8       $unwind$unzOpenInternal    00000001800172e8     * CIL library *:* CIL module *
 0002:00005300       $chain$3$unzOpenInternal   0000000180017300     * CIL library *:* CIL module *
 0002:00005318       $chain$4$unzOpenInternal   0000000180017318     * CIL library *:* CIL module *
 0002:0000532c       $unwind$zip64local_SearchCentralDir64 000000018001732c     * CIL library *:* CIL module *
 0002:0000532c       $unwind$unz64local_SearchCentralDir64 000000018001732c     * CIL library *:* CIL module *
 0002:00005344       $chain$2$unz64local_SearchCentralDir64 0000000180017344     * CIL library *:* CIL module *
 0002:00005358       $chain$3$unz64local_SearchCentralDir64 0000000180017358     * CIL library *:* CIL module *
 0002:00005368       $unwind$unz64local_SearchCentralDir 0000000180017368     * CIL library *:* CIL module *
 0002:00005368       $unwind$zip64local_SearchCentralDir 0000000180017368     * CIL library *:* CIL module *
 0002:00005378       $chain$0$zip64local_SearchCentralDir 0000000180017378     * CIL library *:* CIL module *
 0002:00005378       $chain$0$unz64local_SearchCentralDir 0000000180017378     * CIL library *:* CIL module *
 0002:0000538c       $chain$3$zip64local_SearchCentralDir 000000018001738c     * CIL library *:* CIL module *
 0002:0000538c       $chain$3$unz64local_SearchCentralDir 000000018001738c     * CIL library *:* CIL module *
 0002:000053a4       $chain$5$zip64local_SearchCentralDir 00000001800173a4     * CIL library *:* CIL module *
 0002:000053a4       $chain$5$unz64local_SearchCentralDir 00000001800173a4     * CIL library *:* CIL module *
 0002:000053bc       $chain$6$unz64local_SearchCentralDir 00000001800173bc     * CIL library *:* CIL module *
 0002:000053bc       $chain$6$zip64local_SearchCentralDir 00000001800173bc     * CIL library *:* CIL module *
 0002:000053cc       $unwind$unz64local_getLong64 00000001800173cc     * CIL library *:* CIL module *
 0002:000053cc       $unwind$unz64local_getLong 00000001800173cc     * CIL library *:* CIL module *
 0002:000053cc       $unwind$zip64local_getLong64 00000001800173cc     * CIL library *:* CIL module *
 0002:000053cc       $unwind$zip64local_getLong 00000001800173cc     * CIL library *:* CIL module *
 0002:000053e0       $unwind$zipClose           00000001800173e0     * CIL library *:* CIL module *
 0002:000053f0       $chain$0$zipClose          00000001800173f0     * CIL library *:* CIL module *
 0002:00005404       $chain$1$zipClose          0000000180017404     * CIL library *:* CIL module *
 0002:00005418       $chain$2$zipClose          0000000180017418     * CIL library *:* CIL module *
 0002:0000542c       $chain$3$zipClose          000000018001742c     * CIL library *:* CIL module *
 0002:0000543c       $chain$4$zipClose          000000018001743c     * CIL library *:* CIL module *
 0002:0000544c       $chain$5$zipClose          000000018001744c     * CIL library *:* CIL module *
 0002:0000545c       $unwind$deflate_rle        000000018001745c     * CIL library *:* CIL module *
 0002:0000545c       $unwind$Write_GlobalComment 000000018001745c     * CIL library *:* CIL module *
 0002:00005474       $unwind$zipCloseFileInZipRaw64 0000000180017474     * CIL library *:* CIL module *
 0002:00005490       $unwind$zipWriteInFileInZip 0000000180017490     * CIL library *:* CIL module *
 0002:00005490       $unwind$updatewindow       0000000180017490     * CIL library *:* CIL module *
 0002:000054a4       $chain$0$zipWriteInFileInZip 00000001800174a4     * CIL library *:* CIL module *
 0002:000054b8       $chain$1$zipWriteInFileInZip 00000001800174b8     * CIL library *:* CIL module *
 0002:000054c8       $chain$2$zipWriteInFileInZip 00000001800174c8     * CIL library *:* CIL module *
 0002:000054dc       $unwind$zip64FlushWriteBuffer 00000001800174dc     * CIL library *:* CIL module *
 0002:000054e8       $chain$0$zip64FlushWriteBuffer 00000001800174e8     * CIL library *:* CIL module *
 0002:000054fc       $chain$2$zip64FlushWriteBuffer 00000001800174fc     * CIL library *:* CIL module *
 0002:00005514       $chain$3$zip64FlushWriteBuffer 0000000180017514     * CIL library *:* CIL module *
 0002:00005524       $chain$4$zip64FlushWriteBuffer 0000000180017524     * CIL library *:* CIL module *
 0002:00005534       $unwind$zipOpenNewFileInZip 0000000180017534     * CIL library *:* CIL module *
 0002:00005534       $unwind$zipOpenNewFileInZip64 0000000180017534     * CIL library *:* CIL module *
 0002:00005534       $unwind$zipOpenNewFileInZip2_64 0000000180017534     * CIL library *:* CIL module *
 0002:00005534       $unwind$zipOpenNewFileInZip2 0000000180017534     * CIL library *:* CIL module *
 0002:00005534       $unwind$zipOpenNewFileInZip3_64 0000000180017534     * CIL library *:* CIL module *
 0002:00005534       $unwind$zipOpenNewFileInZip3 0000000180017534     * CIL library *:* CIL module *
 0002:0000553c       $unwind$zipOpenNewFileInZip4_64 000000018001753c     * CIL library *:* CIL module *
 0002:00005548       $chain$0$zipOpenNewFileInZip4_64 0000000180017548     * CIL library *:* CIL module *
 0002:0000555c       $chain$2$zipOpenNewFileInZip4_64 000000018001755c     * CIL library *:* CIL module *
 0002:00005570       $chain$6$zipOpenNewFileInZip4_64 0000000180017570     * CIL library *:* CIL module *
 0002:00005590       $chain$7$zipOpenNewFileInZip4_64 0000000180017590     * CIL library *:* CIL module *
 0002:000055a0       $unwind$Write_LocalFileHeader 00000001800175a0     * CIL library *:* CIL module *
 0002:000055b8       $chain$0$Write_LocalFileHeader 00000001800175b8     * CIL library *:* CIL module *
 0002:000055cc       $chain$1$Write_LocalFileHeader 00000001800175cc     * CIL library *:* CIL module *
 0002:000055dc       $unwind$zipOpen2_64        00000001800175dc     * CIL library *:* CIL module *
 0002:000055dc       $unwind$unzOpen2_64        00000001800175dc     * CIL library *:* CIL module *
 0002:000055dc       $unwind$unzOpen2           00000001800175dc     * CIL library *:* CIL module *
 0002:000055e4       $unwind$zipOpen2           00000001800175e4     * CIL library *:* CIL module *
 0002:000055ec       $unwind$zipOpen3           00000001800175ec     * CIL library *:* CIL module *
 0002:00005608       $unwind$LoadCentralDirectoryRecord 0000000180017608     * CIL library *:* CIL module *
 0002:00005620       $chain$2$zip64local_SearchCentralDir64 0000000180017620     * CIL library *:* CIL module *
 0002:00005634       $chain$3$zip64local_SearchCentralDir64 0000000180017634     * CIL library *:* CIL module *
 0002:00005644       $unwind$zip64local_putValue_inmemory 0000000180017644     * CIL library *:* CIL module *
 0002:0000564c       $chain$0$zip64local_putValue 000000018001764c     * CIL library *:* CIL module *
 0002:00005660       $chain$1$zip64local_putValue 0000000180017660     * CIL library *:* CIL module *
 0002:00005670       $chain$0$add_data_in_datablock 0000000180017670     * CIL library *:* CIL module *
 0002:00005684       $chain$2$add_data_in_datablock 0000000180017684     * CIL library *:* CIL module *
 0002:00005698       $chain$0$free_datablock    0000000180017698     * CIL library *:* CIL module *
 0002:000056ac       $chain$1$free_datablock    00000001800176ac     * CIL library *:* CIL module *
 0002:000056bc       $unwind$crypthead          00000001800176bc     * CIL library *:* CIL module *
 0002:000056d8       $xdatasym                  00000001800176d8     MSVCRT:chkstk.obj
 0002:00005934       .idata$6                   0000000180017934     kernel32:KERNEL32.dll
 0002:00005a00       .idata$6                   0000000180017a00     MSVCRT:MSVCR110.dll
 0002:00005bb0       .edata                     0000000180017bb0     zlibwapi.exp
 0002:00005bd8       rgpv                       0000000180017bd8     zlibwapi.exp
 0002:00005e6c       rgszName                   0000000180017e6c     zlibwapi.exp
 0002:00006048       rgwOrd                     0000000180018048     zlibwapi.exp
 0002:00006136       szName                     0000000180018136     zlibwapi.exp
 0002:00006143       $N00001                    0000000180018143     zlibwapi.exp
 0002:0000614b       $N00140                    000000018001814b     zlibwapi.exp
 0002:0000615b       $N00002                    000000018001815b     zlibwapi.exp
 0002:00006164       $N00039                    0000000180018164     zlibwapi.exp
 0002:0000616e       $N00046                    000000018001816e     zlibwapi.exp
 0002:0000617c       $N00003                    000000018001817c     zlibwapi.exp
 0002:00006182       $N00142                    0000000180018182     zlibwapi.exp
 0002:00006190       $N00004                    0000000180018190     zlibwapi.exp
 0002:00006198       $N00047                    0000000180018198     zlibwapi.exp
 0002:000061a5       $N00005                    00000001800181a5     zlibwapi.exp
 0002:000061b1       $N00006                    00000001800181b1     zlibwapi.exp
 0002:000061bc       $N00007                    00000001800181bc     zlibwapi.exp
 0002:000061ca       $N00008                    00000001800181ca     zlibwapi.exp
 0002:000061d7       $N00009                    00000001800181d7     zlibwapi.exp
 0002:000061e5       $N00052                    00000001800181e5     zlibwapi.exp
 0002:000061f4       $N00051                    00000001800181f4     zlibwapi.exp
 0002:00006201       $N00010                    0000000180018201     zlibwapi.exp
 0002:0000620e       $N00164                    000000018001820e     zlibwapi.exp
 0002:0000621f       $N00011                    000000018001821f     zlibwapi.exp
 0002:00006234       $N00144                    0000000180018234     zlibwapi.exp
 0002:00006245       $N00145                    0000000180018245     zlibwapi.exp
 0002:00006251       $N00110                    0000000180018251     zlibwapi.exp
 0002:00006265       $N00111                    0000000180018265     zlibwapi.exp
 0002:0000627b       $N00112                    000000018001827b     zlibwapi.exp
 0002:00006292       $N00113                    0000000180018292     zlibwapi.exp
 0002:000062a9       $N00038                    00000001800182a9     zlibwapi.exp
 0002:000062b7       $N00146                    00000001800182b7     zlibwapi.exp
 0002:000062c0       $N00048                    00000001800182c0     zlibwapi.exp
 0002:000062cb       $N00012                    00000001800182cb     zlibwapi.exp
 0002:000062d3       $N00147                    00000001800182d3     zlibwapi.exp
 0002:000062dd       $N00148                    00000001800182dd     zlibwapi.exp
 0002:000062e7       $N00149                    00000001800182e7     zlibwapi.exp
 0002:000062f0       $N00013                    00000001800182f0     zlibwapi.exp
 0002:000062f8       $N00034                    00000001800182f8     zlibwapi.exp
 0002:000062fe       $N00014                    00000001800182fe     zlibwapi.exp
 0002:00006306       $N00015                    0000000180018306     zlibwapi.exp
 0002:0000630e       $N00030                    000000018001830e     zlibwapi.exp
 0002:00006315       $N00161                    0000000180018315     zlibwapi.exp
 0002:0000631d       $N00041                    000000018001831d     zlibwapi.exp
 0002:00006324       $N00150                    0000000180018324     zlibwapi.exp
 0002:0000632d       $N00016                    000000018001832d     zlibwapi.exp
 0002:00006334       $N00165                    0000000180018334     zlibwapi.exp
 0002:0000633d       $N00028                    000000018001833d     zlibwapi.exp
 0002:00006346       $N00029                    0000000180018346     zlibwapi.exp
 0002:0000634d       $N00040                    000000018001834d     zlibwapi.exp
 0002:00006354       $N00017                    0000000180018354     zlibwapi.exp
 0002:0000635b       $N00032                    000000018001835b     zlibwapi.exp
 0002:00006364       $N00031                    0000000180018364     zlibwapi.exp
 0002:0000636b       $N00035                    000000018001836b     zlibwapi.exp
 0002:00006377       $N00033                    0000000180018377     zlibwapi.exp
 0002:0000637e       $N00049                    000000018001837e     zlibwapi.exp
 0002:00006387       $N00018                    0000000180018387     zlibwapi.exp
 0002:0000638f       $N00019                    000000018001838f     zlibwapi.exp
 0002:00006397       $N00044                    0000000180018397     zlibwapi.exp
 0002:000063a3       $N00045                    00000001800183a3     zlibwapi.exp
 0002:000063b2       $N00043                    00000001800183b2     zlibwapi.exp
[...]
 0004:00000684       $pdata$2$inflateSetDictionary 000000018001a684     * CIL library *:* CIL module *
 0004:00000690       $pdata$syncsearch          000000018001a690     * CIL library *:* CIL module *
 0004:0000069c       $pdata$inflateSync         000000018001a69c     * CIL library *:* CIL module *
 0004:000006a8       $pdata$1$inflateSync       000000018001a6a8     * CIL library *:* CIL module *
 0004:000006b4       $pdata$3$inflateSync       000000018001a6b4     * CIL library *:* CIL module *
 0004:000006c0       $pdata$4$inflateSync       000000018001a6c0     * CIL library *:* CIL module *
 0004:000006cc       $pdata$inflateCopy         000000018001a6cc     * CIL library *:* CIL module *
 0004:000006d8       $pdata$1$inflateCopy       000000018001a6d8     * CIL library *:* CIL module *
 0004:000006e4       $pdata$2$inflateCopy       000000018001a6e4     * CIL library *:* CIL module *
 0004:000006f0       $pdata$3$inflateCopy       000000018001a6f0     * CIL library *:* CIL module *
 0004:000006fc       $pdata$5$inflateCopy       000000018001a6fc     * CIL library *:* CIL module *
 0004:00000708       $pdata$6$inflateCopy       000000018001a708     * CIL library *:* CIL module *
 0004:00000714       $pdata$inflate_table       000000018001a714     * CIL library *:* CIL module *
 0004:00000720       $pdata$0$inflate_table     000000018001a720     * CIL library *:* CIL module *
 0004:0000072c       $pdata$1$inflate_table     000000018001a72c     * CIL library *:* CIL module *
 0004:00000738       $pdata$call_ztell64        000000018001a738     * CIL library *:* CIL module *
 0004:00000744       $pdata$fseek64_file_func   000000018001a744     * CIL library *:* CIL module *
 0004:00000750       $pdata$win32_build_iowin   000000018001a750     * CIL library *:* CIL module *
 0004:0000075c       $pdata$0$win32_build_iowin 000000018001a75c     * CIL library *:* CIL module *
 0004:00000768       $pdata$2$win32_build_iowin 000000018001a768     * CIL library *:* CIL module *
 0004:00000774       $pdata$3$win32_build_iowin 000000018001a774     * CIL library *:* CIL module *
 0004:00000780       $pdata$win32_open64_file_funcA 000000018001a780     * CIL library *:* CIL module *
 0004:00000780       $pdata$win32_open64_file_func 000000018001a780     * CIL library *:* CIL module *
 0004:00000780       $pdata$win32_open_file_func 000000018001a780     * CIL library *:* CIL module *
 0004:0000078c       $pdata$win32_open64_file_funcW 000000018001a78c     * CIL library *:* CIL module *
 0004:00000798       $pdata$win32_read_file_func 000000018001a798     * CIL library *:* CIL module *
 0004:000007a4       $pdata$win32_write_file_func 000000018001a7a4     * CIL library *:* CIL module *
 0004:000007b0       $pdata$win32_tell_file_func 000000018001a7b0     * CIL library *:* CIL module *
 0004:000007bc       $pdata$win32_tell64_file_func 000000018001a7bc     * CIL library *:* CIL module *
 0004:000007c8       $pdata$win32_seek_file_func 000000018001a7c8     * CIL library *:* CIL module *
 0004:000007d4       $pdata$win32_seek64_file_func 000000018001a7d4     * CIL library *:* CIL module *
 0004:000007e0       $pdata$win32_close_file_func 000000018001a7e0     * CIL library *:* CIL module *
 0004:000007ec       $pdata$pqdownheap          000000018001a7ec     * CIL library *:* CIL module *
 0004:000007f8       $pdata$gen_bitlen          000000018001a7f8     * CIL library *:* CIL module *
 0004:00000804       $pdata$1$gen_bitlen        000000018001a804     * CIL library *:* CIL module *
 0004:00000810       $pdata$3$gen_bitlen        000000018001a810     * CIL library *:* CIL module *
 0004:0000081c       $pdata$4$gen_bitlen        000000018001a81c     * CIL library *:* CIL module *
 0004:00000828       $pdata$5$gen_bitlen        000000018001a828     * CIL library *:* CIL module *
 0004:00000834       $pdata$gen_codes           000000018001a834     * CIL library *:* CIL module *
 0004:00000840       $pdata$build_tree          000000018001a840     * CIL library *:* CIL module *
 0004:0000084c       $pdata$scan_tree           000000018001a84c     * CIL library *:* CIL module *
 0004:00000858       $pdata$send_tree           000000018001a858     * CIL library *:* CIL module *
 0004:00000864       $pdata$3$send_tree         000000018001a864     * CIL library *:* CIL module *
 0004:00000870       $pdata$4$send_tree         000000018001a870     * CIL library *:* CIL module *
 0004:0000087c       $pdata$build_bl_tree       000000018001a87c     * CIL library *:* CIL module *
 0004:00000888       $pdata$send_all_trees      000000018001a888     * CIL library *:* CIL module *
 0004:00000894       $pdata$_tr_flush_block     000000018001a894     * CIL library *:* CIL module *
 0004:000008a0       $pdata$compress_block      000000018001a8a0     * CIL library *:* CIL module *
 0004:000008ac       $pdata$1$compress_block    000000018001a8ac     * CIL library *:* CIL module *
 0004:000008b8       $pdata$4$compress_block    000000018001a8b8     * CIL library *:* CIL module *
 0004:000008c4       $pdata$5$compress_block    000000018001a8c4     * CIL library *:* CIL module *
 0004:000008d0       $pdata$6$compress_block    000000018001a8d0     * CIL library *:* CIL module *
 0004:000008dc       $pdata$copy_block          000000018001a8dc     * CIL library *:* CIL module *
 0004:000008e8       $pdata$uncompress          000000018001a8e8     * CIL library *:* CIL module *
 0004:000008f4       $pdata$0$uncompress        000000018001a8f4     * CIL library *:* CIL module *
 0004:00000900       $pdata$2$uncompress        000000018001a900     * CIL library *:* CIL module *
 0004:0000090c       $pdata$4$uncompress        000000018001a90c     * CIL library *:* CIL module *
 0004:00000918       $pdata$5$uncompress        000000018001a918     * CIL library *:* CIL module *
 0004:00000924       $pdata$zip64local_getByte  000000018001a924     * CIL library *:* CIL module *
 0004:00000924       $pdata$unz64local_getByte  000000018001a924     * CIL library *:* CIL module *
 0004:00000930       $pdata$unz64local_getShort 000000018001a930     * CIL library *:* CIL module *
 0004:0000093c       $pdata$unz64local_getLong  000000018001a93c     * CIL library *:* CIL module *
 0004:00000948       $pdata$unz64local_getLong64 000000018001a948     * CIL library *:* CIL module *
 0004:00000954       $pdata$unz64local_SearchCentralDir 000000018001a954     * CIL library *:* CIL module *
 0004:00000954       $pdata$zip64local_SearchCentralDir 000000018001a954     * CIL library *:* CIL module *
 0004:00000960       $pdata$0$zip64local_SearchCentralDir 000000018001a960     * CIL library *:* CIL module *
 0004:00000960       $pdata$0$unz64local_SearchCentralDir 000000018001a960     * CIL library *:* CIL module *
 0004:0000096c       $pdata$3$unz64local_SearchCentralDir 000000018001a96c     * CIL library *:* CIL module *
 0004:0000096c       $pdata$3$zip64local_SearchCentralDir 000000018001a96c     * CIL library *:* CIL module *
 0004:00000978       $pdata$5$unz64local_SearchCentralDir 000000018001a978     * CIL library *:* CIL module *
 0004:00000978       $pdata$5$zip64local_SearchCentralDir 000000018001a978     * CIL library *:* CIL module *
 0004:00000984       $pdata$6$unz64local_SearchCentralDir 000000018001a984     * CIL library *:* CIL module *
 0004:00000984       $pdata$6$zip64local_SearchCentralDir 000000018001a984     * CIL library *:* CIL module *
 0004:00000990       $pdata$unz64local_SearchCentralDir64 000000018001a990     * CIL library *:* CIL module *
 0004:0000099c       $pdata$2$unz64local_SearchCentralDir64 000000018001a99c     * CIL library *:* CIL module *
 0004:000009a8       $pdata$3$unz64local_SearchCentralDir64 000000018001a9a8     * CIL library *:* CIL module *
 0004:000009b4       $pdata$unzOpenInternal     000000018001a9b4     * CIL library *:* CIL module *
 0004:000009c0       $pdata$3$unzOpenInternal   000000018001a9c0     * CIL library *:* CIL module *
 0004:000009cc       $pdata$4$unzOpenInternal   000000018001a9cc     * CIL library *:* CIL module *
 0004:000009d8       $pdata$unzOpen2            000000018001a9d8     * CIL library *:* CIL module *
 0004:000009e4       $pdata$unzOpen2_64         000000018001a9e4     * CIL library *:* CIL module *
 0004:000009f0       $pdata$unzClose            000000018001a9f0     * CIL library *:* CIL module *
 0004:000009fc       $pdata$unz64local_GetCurrentFileInfoInternal 000000018001a9fc     * CIL library *:* CIL module *
 0004:00000a08       $pdata$unzGetCurrentFileInfo64 000000018001aa08     * CIL library *:* CIL module *
 0004:00000a14       $pdata$unzGetCurrentFileInfo 000000018001aa14     * CIL library *:* CIL module *
 0004:00000a20       $pdata$unzGoToFirstFile    000000018001aa20     * CIL library *:* CIL module *
 0004:00000a2c       $pdata$unzGoToNextFile     000000018001aa2c     * CIL library *:* CIL module *
 0004:00000a38       $pdata$unzLocateFile       000000018001aa38     * CIL library *:* CIL module *
 0004:00000a44       $pdata$3$unzLocateFile     000000018001aa44     * CIL library *:* CIL module *
 0004:00000a50       $pdata$5$unzLocateFile     000000018001aa50     * CIL library *:* CIL module *
 0004:00000a5c       $pdata$unzGetFilePos       000000018001aa5c     * CIL library *:* CIL module *
 0004:00000a68       $pdata$unzGoToFilePos64    000000018001aa68     * CIL library *:* CIL module *
 0004:00000a74       $pdata$0$unzGoToFilePos64  000000018001aa74     * CIL library *:* CIL module *
 0004:00000a80       $pdata$1$unzGoToFilePos64  000000018001aa80     * CIL library *:* CIL module *
 0004:00000a8c       $pdata$unzGoToFilePos      000000018001aa8c     * CIL library *:* CIL module *
 0004:00000a98       $pdata$unz64local_CheckCurrentFileCoherencyHeader 000000018001aa98     * CIL library *:* CIL module *
 0004:00000aa4       $pdata$unzOpenCurrentFile3 000000018001aaa4     * CIL library *:* CIL module *
 0004:00000ab0       $pdata$0$unzOpenCurrentFile3 000000018001aab0     * CIL library *:* CIL module *
 0004:00000abc       $pdata$1$unzOpenCurrentFile3 000000018001aabc     * CIL library *:* CIL module *
 0004:00000ac8       $pdata$2$unzOpenCurrentFile3 000000018001aac8     * CIL library *:* CIL module *
 0004:00000ad4       $pdata$4$unzOpenCurrentFile3 000000018001aad4     * CIL library *:* CIL module *
 0004:00000ae0       $pdata$unzOpenCurrentFile  000000018001aae0     * CIL library *:* CIL module *
 0004:00000aec       $pdata$unzOpenCurrentFilePassword 000000018001aaec     * CIL library *:* CIL module *
 0004:00000af8       $pdata$unzOpenCurrentFile2 000000018001aaf8     * CIL library *:* CIL module *
 0004:00000b04       $pdata$unzReadCurrentFile  000000018001ab04     * CIL library *:* CIL module *
 0004:00000b10       $pdata$0$unzReadCurrentFile 000000018001ab10     * CIL library *:* CIL module *
 0004:00000b1c       $pdata$2$unzReadCurrentFile 000000018001ab1c     * CIL library *:* CIL module *
 0004:00000b28       $pdata$4$unzReadCurrentFile 000000018001ab28     * CIL library *:* CIL module *
 0004:00000b34       $pdata$12$unzReadCurrentFile 000000018001ab34     * CIL library *:* CIL module *
 0004:00000b40       $pdata$14$unzReadCurrentFile 000000018001ab40     * CIL library *:* CIL module *
 0004:00000b4c       $pdata$unzGetLocalExtrafield 000000018001ab4c     * CIL library *:* CIL module *
 0004:00000b58       $pdata$0$unzGetLocalExtrafield 000000018001ab58     * CIL library *:* CIL module *
 0004:00000b64       $pdata$2$unzGetLocalExtrafield 000000018001ab64     * CIL library *:* CIL module *
 0004:00000b70       $pdata$4$unzGetLocalExtrafield 000000018001ab70     * CIL library *:* CIL module *
 0004:00000b7c       $pdata$6$unzGetLocalExtrafield 000000018001ab7c     * CIL library *:* CIL module *
 0004:00000b88       $pdata$8$unzGetLocalExtrafield 000000018001ab88     * CIL library *:* CIL module *
 0004:00000b94       $pdata$unzCloseCurrentFile 000000018001ab94     * CIL library *:* CIL module *
 0004:00000ba0       $pdata$0$unzCloseCurrentFile 000000018001aba0     * CIL library *:* CIL module *
 0004:00000bac       $pdata$2$unzCloseCurrentFile 000000018001abac     * CIL library *:* CIL module *
 0004:00000bb8       $pdata$unzGetGlobalComment 000000018001abb8     * CIL library *:* CIL module *
 0004:00000bc4       $pdata$update_keys         000000018001abc4     * CIL library *:* CIL module *
 0004:00000bd0       $pdata$init_keys           000000018001abd0     * CIL library *:* CIL module *
 0004:00000bdc       $pdata$crypthead           000000018001abdc     * CIL library *:* CIL module *
 0004:00000be8       $pdata$allocate_new_datablock 000000018001abe8     * CIL library *:* CIL module *
 0004:00000bf4       $pdata$free_datablock      000000018001abf4     * CIL library *:* CIL module *
 0004:00000c00       $pdata$0$free_datablock    000000018001ac00     * CIL library *:* CIL module *
 0004:00000c0c       $pdata$1$free_datablock    000000018001ac0c     * CIL library *:* CIL module *
 0004:00000c18       $pdata$free_linkedlist     000000018001ac18     * CIL library *:* CIL module *
 0004:00000c24       $pdata$add_data_in_datablock 000000018001ac24     * CIL library *:* CIL module *
 0004:00000c30       $pdata$0$add_data_in_datablock 000000018001ac30     * CIL library *:* CIL module *
 0004:00000c3c       $pdata$2$add_data_in_datablock 000000018001ac3c     * CIL library *:* CIL module *
 0004:00000c48       $pdata$zip64local_putValue 000000018001ac48     * CIL library *:* CIL module *
 0004:00000c54       $pdata$0$zip64local_putValue 000000018001ac54     * CIL library *:* CIL module *
 0004:00000c60       $pdata$1$zip64local_putValue 000000018001ac60     * CIL library *:* CIL module *
 0004:00000c6c       $pdata$zip64local_putValue_inmemory 000000018001ac6c     * CIL library *:* CIL module *
 0004:00000c78       $pdata$zip64local_getShort 000000018001ac78     * CIL library *:* CIL module *
 0004:00000c84       $pdata$zip64local_getLong  000000018001ac84     * CIL library *:* CIL module *
 0004:00000c90       $pdata$zip64local_getLong64 000000018001ac90     * CIL library *:* CIL module *
 0004:00000c9c       $pdata$zip64local_SearchCentralDir64 000000018001ac9c     * CIL library *:* CIL module *
 0004:00000ca8       $pdata$2$zip64local_SearchCentralDir64 000000018001aca8     * CIL library *:* CIL module *
 0004:00000cb4       $pdata$3$zip64local_SearchCentralDir64 000000018001acb4     * CIL library *:* CIL module *
 0004:00000cc0       $pdata$LoadCentralDirectoryRecord 000000018001acc0     * CIL library *:* CIL module *
 0004:00000ccc       $pdata$zipOpen3            000000018001accc     * CIL library *:* CIL module *
 0004:00000cd8       $pdata$zipOpen2            000000018001acd8     * CIL library *:* CIL module *
 0004:00000ce4       $pdata$zipOpen2_64         000000018001ace4     * CIL library *:* CIL module *
 0004:00000cf0       $pdata$Write_LocalFileHeader 000000018001acf0     * CIL library *:* CIL module *
 0004:00000cfc       $pdata$0$Write_LocalFileHeader 000000018001acfc     * CIL library *:* CIL module *
 0004:00000d08       $pdata$1$Write_LocalFileHeader 000000018001ad08     * CIL library *:* CIL module *
 0004:00000d14       $pdata$zipOpenNewFileInZip4_64 000000018001ad14     * CIL library *:* CIL module *
 0004:00000d20       $pdata$0$zipOpenNewFileInZip4_64 000000018001ad20     * CIL library *:* CIL module *
 0004:00000d2c       $pdata$2$zipOpenNewFileInZip4_64 000000018001ad2c     * CIL library *:* CIL module *
 0004:00000d38       $pdata$6$zipOpenNewFileInZip4_64 000000018001ad38     * CIL library *:* CIL module *
 0004:00000d44       $pdata$7$zipOpenNewFileInZip4_64 000000018001ad44     * CIL library *:* CIL module *
 0004:00000d50       $pdata$zipOpenNewFileInZip3 000000018001ad50     * CIL library *:* CIL module *
 0004:00000d5c       $pdata$zipOpenNewFileInZip3_64 000000018001ad5c     * CIL library *:* CIL module *
 0004:00000d68       $pdata$zipOpenNewFileInZip2 000000018001ad68     * CIL library *:* CIL module *
 0004:00000d74       $pdata$zipOpenNewFileInZip2_64 000000018001ad74     * CIL library *:* CIL module *
 0004:00000d80       $pdata$zipOpenNewFileInZip64 000000018001ad80     * CIL library *:* CIL module *
 0004:00000d8c       $pdata$zipOpenNewFileInZip 000000018001ad8c     * CIL library *:* CIL module *
 0004:00000d98       $pdata$zip64FlushWriteBuffer 000000018001ad98     * CIL library *:* CIL module *
 0004:00000da4       $pdata$0$zip64FlushWriteBuffer 000000018001ada4     * CIL library *:* CIL module *
 0004:00000db0       $pdata$2$zip64FlushWriteBuffer 000000018001adb0     * CIL library *:* CIL module *
 0004:00000dbc       $pdata$3$zip64FlushWriteBuffer 000000018001adbc     * CIL library *:* CIL module *
 0004:00000dc8       $pdata$4$zip64FlushWriteBuffer 000000018001adc8     * CIL library *:* CIL module *
 0004:00000dd4       $pdata$zipWriteInFileInZip 000000018001add4     * CIL library *:* CIL module *
 0004:00000de0       $pdata$0$zipWriteInFileInZip 000000018001ade0     * CIL library *:* CIL module *
 0004:00000dec       $pdata$1$zipWriteInFileInZip 000000018001adec     * CIL library *:* CIL module *
 0004:00000df8       $pdata$2$zipWriteInFileInZip 000000018001adf8     * CIL library *:* CIL module *
 0004:00000e04       $pdata$zipCloseFileInZipRaw64 000000018001ae04     * CIL library *:* CIL module *
 0004:00000e10       $pdata$Write_Zip64EndOfCentralDirectoryLocator 000000018001ae10     * CIL library *:* CIL module *
 0004:00000e1c       $pdata$Write_Zip64EndOfCentralDirectoryRecord 000000018001ae1c     * CIL library *:* CIL module *
 0004:00000e28       $pdata$Write_EndOfCentralDirectoryRecord 000000018001ae28     * CIL library *:* CIL module *
 0004:00000e34       $pdata$Write_GlobalComment 000000018001ae34     * CIL library *:* CIL module *
 0004:00000e40       $pdata$zipClose            000000018001ae40     * CIL library *:* CIL module *
 0004:00000e4c       $pdata$0$zipClose          000000018001ae4c     * CIL library *:* CIL module *
 0004:00000e58       $pdata$1$zipClose          000000018001ae58     * CIL library *:* CIL module *
 0004:00000e64       $pdata$2$zipClose          000000018001ae64     * CIL library *:* CIL module *
 0004:00000e70       $pdata$3$zipClose          000000018001ae70     * CIL library *:* CIL module *
 0004:00000e7c       $pdata$4$zipClose          000000018001ae7c     * CIL library *:* CIL module *
 0004:00000e88       $pdata$5$zipClose          000000018001ae88     * CIL library *:* CIL module *
 0004:00000e94       $pdata$pre_c_init          000000018001ae94     MSVCRT:crtdll.obj
 0004:00000ea0       $pdata$_CRT_INIT           000000018001aea0     MSVCRT:crtdll.obj
 0004:00000eac       $pdata$_DllMainCRTStartup  000000018001aeac     MSVCRT:crtdll.obj
 0004:00000eb8       $pdata$__DllMainCRTStartup 000000018001aeb8     MSVCRT:crtdll.obj
 0004:00000ec4       $pdata$_IsNonwritableInCurrentImage 000000018001aec4     MSVCRT:pesect.obj
 0004:00000ed0       $pdata$__atonexitinit      000000018001aed0     MSVCRT:atonexit.obj
 0004:00000edc       $pdata$_onexit             000000018001aedc     MSVCRT:atonexit.obj
 0004:00000ee8       $pdata$atexit              000000018001aee8     MSVCRT:atonexit.obj
 0004:00000ef4       $pdata$__security_init_cookie 000000018001aef4     MSVCRT:gs_support.obj
 0004:00000f00       $pdata$DllMain             000000018001af00     MSVCRT:dllmain.obj
 0004:00000f0c       $pdata$_RTC_Initialize     000000018001af0c     MSVCRT:initsect.obj
 0004:00000f18       $pdata$_RTC_Terminate      000000018001af18     MSVCRT:initsect.obj
 0004:00000f30       $pdata$__DllMainCRTStartup$filt$0 000000018001af30     MSVCRT:crtdll.obj
 0004:00000f3c       $pdata$__DllMainCRTStartup$fin$1 000000018001af3c     MSVCRT:crtdll.obj
 0004:00000f48       $pdata$_IsNonwritableInCurrentImage$filt$0 000000018001af48     MSVCRT:pesect.obj
 0004:00000f54       $pdata$_onexit$fin$0       000000018001af54     MSVCRT:atonexit.obj
 0005:00000060       $R000000                   000000018001b060     zlib.res
